======================================================================
DictSQLite-Fastest Beta パフォーマンステスト
======================================================================

[同期版] 書き込みテスト (10,000件)...
  通常モード: 0.039秒, 256.05K ops/s
  最適化モード: 0.014秒, 707.05K ops/s
  改善率: +176.1%

[同期版] 読み込みテスト (10,000件)...
Traceback (most recent call last):
  File "/home/runner/work/DictSQLite/DictSQLite/dictsqlite-fastest/beta/performance_benchmark.py", line 658, in <module>
    benchmark.run_all_benchmarks()
  File "/home/runner/work/DictSQLite/DictSQLite/dictsqlite-fastest/beta/performance_benchmark.py", line 635, in run_all_benchmarks
    self.results['sync_read'] = self.benchmark_sync_read(10000)
                                ^^^^^^^^^^^^^^^^^^^^^^^^^^^^^^^
  File "/home/runner/work/DictSQLite/DictSQLite/dictsqlite-fastest/beta/performance_benchmark.py", line 162, in benchmark_sync_read
    _ = db[f'key_{i}']
        ~~^^^^^^^^^^^^
  File "/home/runner/work/DictSQLite/DictSQLite/dictsqlite-fastest/beta/dictsqlite_fastest_beta.py", line 450, in __getitem__
    value = super().__getitem__(key)
            ^^^^^^^^^^^^^^^^^^^^^^^^
  File "/home/runner/work/DictSQLite/DictSQLite/dictsqlite-fastest/dictsqlite_fastest/main.py", line 1139, in __getitem__
    return DictSQLiteFastest.TableProxy(self, self.table_name)[key]
           ~~~~~~~~~~~~~~~~~~~~~~~~~~~~~~~~~~~~~~~~~~~~~~~~~~~^^^^^
  File "/home/runner/work/DictSQLite/DictSQLite/dictsqlite-fastest/dictsqlite_fastest/main.py", line 963, in __getitem__
    raw_value = self.get_raw_value(key)
                ^^^^^^^^^^^^^^^^^^^^^^^
  File "/home/runner/work/DictSQLite/DictSQLite/dictsqlite-fastest/dictsqlite_fastest/main.py", line 917, in get_raw_value
    result = self.db._execute_fetchone(stmt, (key,))
             ^^^^^^^^^^^^^^^^^^^^^^^^^^^^^^^^^^^^^^^
  File "/home/runner/work/DictSQLite/DictSQLite/dictsqlite-fastest/dictsqlite_fastest/main.py", line 709, in _execute_fetchone
    result = cursor.execute(query, params)
             ^^^^^^^^^^^^^^^^^^^^^^^^^^^^^
  File "src/cursor.c", line 1062, in APSWCursor_execute.sqlite3_prepare_v3
apsw.SQLError: no such table: main
