
================================================================================
テスト: 基本書き込み (1000件)
操作数: 1,000
================================================================================

[DictSQLite オリジナル版]
  平均時間: 676.31ms (実測: 2.748s)
  スループット: 1.48K ops/sec

[DictSQLite-Fastest APSW版]
  平均時間: 21.68ms (実測: 89.42ms)
  スループット: 46.13K ops/sec

[DictSQLite-Fastest Beta版]
  平均時間: 6.30ms (実測: 27.39ms)
  スループット: 158.64K ops/sec

[テスト全体の実測時間: 2.865s]

[比較結果]
  Fastest vs Original: 31.20x 高速
  Beta vs Original: 107.29x 高速
  Beta vs Fastest: 3.44x 高速

  [最速] BETA

================================================================================
テスト: 基本書き込み (5000件)
操作数: 5,000
================================================================================

[DictSQLite オリジナル版]
  平均時間: 3.414s (実測: 13.666s)
  スループット: 1.46K ops/sec

[DictSQLite-Fastest APSW版]
  平均時間: 89.09ms (実測: 358.63ms)
  スループット: 56.13K ops/sec

[DictSQLite-Fastest Beta版]
  平均時間: 21.41ms (実測: 87.12ms)
  スループット: 233.52K ops/sec

[テスト全体の実測時間: 14.112s]

[比較結果]
  Fastest vs Original: 38.32x 高速
  Beta vs Original: 159.45x 高速
  Beta vs Fastest: 4.16x 高速

  [最速] BETA

================================================================================
テスト: 基本読み込み (1000件)
操作数: 1,000
================================================================================

[DictSQLite オリジナル版]
  平均時間: 87.66ms (実測: 340.34ms)
  スループット: 11.41K ops/sec

[DictSQLite-Fastest APSW版]
  平均時間: 16.55ms (実測: 66.63ms)
  スループット: 60.40K ops/sec

[DictSQLite-Fastest Beta版]
  平均時間: 35.65ms (実測: 143.44ms)
  スループット: 28.05K ops/sec

[テスト全体の実測時間: 550.79ms]

[比較結果]
  Fastest vs Original: 5.30x 高速
  Beta vs Original: 2.46x 高速
  Beta vs Fastest: 0.46x 高速

  [最速] FASTEST

================================================================================
テスト: 基本読み込み (5000件)
操作数: 5,000
================================================================================

[DictSQLite オリジナル版]
  平均時間: 405.71ms (実測: 1.620s)
  スループット: 12.32K ops/sec

[DictSQLite-Fastest APSW版]
  平均時間: 71.82ms (実測: 289.22ms)
  スループット: 69.61K ops/sec

[DictSQLite-Fastest Beta版]
  平均時間: 170.11ms (実測: 679.41ms)
  スループット: 29.39K ops/sec

[テスト全体の実測時間: 2.589s]

[比較結果]
  Fastest vs Original: 5.65x 高速
  Beta vs Original: 2.38x 高速
  Beta vs Fastest: 0.42x 高速

  [最速] FASTEST

================================================================================
テスト: バルク挿入 (1000件)
操作数: 1,000
================================================================================

[DictSQLite オリジナル版]
  平均時間: 724.14ms (実測: 2.857s)
  スループット: 1.38K ops/sec

[DictSQLite-Fastest APSW版]
  平均時間: 5.27ms (実測: 24.28ms)
  スループット: 189.82K ops/sec

[DictSQLite-Fastest Beta版]
  平均時間: 5.72ms (実測: 24.52ms)
  スループット: 174.79K ops/sec

[テスト全体の実測時間: 2.907s]

[比較結果]
  Fastest vs Original: 137.46x 高速
  Beta vs Original: 126.57x 高速
  Beta vs Fastest: 0.92x 高速

  [最速] FASTEST

================================================================================
テスト: バルク挿入 (5000件)
操作数: 5,000
================================================================================

[DictSQLite オリジナル版]
  平均時間: 3.410s (実測: 13.731s)
  スループット: 1.47K ops/sec

[DictSQLite-Fastest APSW版]
  平均時間: 17.39ms (実測: 71.26ms)
  スループット: 287.60K ops/sec

[DictSQLite-Fastest Beta版]
  平均時間: 17.40ms (実測: 71.02ms)
  スループット: 287.38K ops/sec

[テスト全体の実測時間: 13.873s]

[比較結果]
  Fastest vs Original: 196.13x 高速
  Beta vs Original: 195.98x 高速
  Beta vs Fastest: 1.00x 高速

  [最速] FASTEST

================================================================================
テスト: バルク挿入 (10000件)
操作数: 10,000
================================================================================

[DictSQLite オリジナル版]
  平均時間: 6.704s (実測: 26.855s)
  スループット: 1.49K ops/sec

[DictSQLite-Fastest APSW版]
  平均時間: 32.19ms (実測: 131.33ms)
  スループット: 310.70K ops/sec

[DictSQLite-Fastest Beta版]
  平均時間: 31.74ms (実測: 129.35ms)
  スループット: 315.09K ops/sec

[テスト全体の実測時間: 27.116s]

[比較結果]
  Fastest vs Original: 208.29x 高速
  Beta vs Original: 211.23x 高速
  Beta vs Fastest: 1.01x 高速

  [最速] BETA

================================================================================
テスト: バルク読み込み (1000件)
操作数: 1,000
================================================================================

[DictSQLite オリジナル版]
  平均時間: 80.64ms (実測: 318.03ms)
  スループット: 12.40K ops/sec

[DictSQLite-Fastest APSW版]
  平均時間: 4.16ms (実測: 18.06ms)
  スループット: 240.17K ops/sec

[DictSQLite-Fastest Beta版]
  平均時間: 20.60ms (実測: 82.62ms)
  スループット: 48.54K ops/sec

[テスト全体の実測時間: 419.14ms]

[比較結果]
  Fastest vs Original: 19.37x 高速
  Beta vs Original: 3.91x 高速
  Beta vs Fastest: 0.20x 高速

  [最速] FASTEST

================================================================================
テスト: バルク読み込み (5000件)
操作数: 5,000
================================================================================

[DictSQLite オリジナル版]
  平均時間: 415.25ms (実測: 1.625s)
  スループット: 12.04K ops/sec

[DictSQLite-Fastest APSW版]
  平均時間: 16.65ms (実測: 67.65ms)
  スループット: 300.26K ops/sec

[DictSQLite-Fastest Beta版]
  平均時間: 97.81ms (実測: 392.53ms)
  スループット: 51.12K ops/sec

[テスト全体の実測時間: 2.086s]

[比較結果]
  Fastest vs Original: 24.94x 高速
  Beta vs Original: 4.25x 高速
  Beta vs Fastest: 0.17x 高速

  [最速] FASTEST

================================================================================
テスト: バルク読み込み (10000件)
操作数: 10,000
================================================================================

[DictSQLite オリジナル版]
  平均時間: 824.06ms (実測: 3.261s)
  スループット: 12.14K ops/sec

[DictSQLite-Fastest APSW版]
  平均時間: 26.55ms (実測: 107.80ms)
  スループット: 376.69K ops/sec

[DictSQLite-Fastest Beta版]
  平均時間: 189.40ms (実測: 756.86ms)
  スループット: 52.80K ops/sec

[テスト全体の実測時間: 4.126s]

[比較結果]
  Fastest vs Original: 31.04x 高速
  Beta vs Original: 4.35x 高速
  Beta vs Fastest: 0.14x 高速

  [最速] FASTEST

================================================================================
テスト: 複雑データ構造 (100件)
操作数: 100
================================================================================

[DictSQLite オリジナル版]
  平均時間: 78.79ms (実測: 306.55ms)
  スループット: 1.27K ops/sec

[DictSQLite-Fastest APSW版]
  平均時間: 3.38ms (実測: 15.92ms)
  スループット: 29.62K ops/sec

[DictSQLite-Fastest Beta版]
  平均時間: 3.58ms (実測: 16.11ms)
  スループット: 27.95K ops/sec

[テスト全体の実測時間: 339.00ms]

[比較結果]
  Fastest vs Original: 23.34x 高速
  Beta vs Original: 22.02x 高速
  Beta vs Fastest: 0.94x 高速

  [最速] FASTEST

================================================================================
テスト: 複雑データ構造 (500件)
操作数: 500
================================================================================

[DictSQLite オリジナル版]
  平均時間: 341.90ms (実測: 1.386s)
  スループット: 1.46K ops/sec

[DictSQLite-Fastest APSW版]
  平均時間: 6.84ms (実測: 29.82ms)
  スループット: 73.12K ops/sec

[DictSQLite-Fastest Beta版]
  平均時間: 6.77ms (実測: 28.79ms)
  スループット: 73.84K ops/sec

[テスト全体の実測時間: 1.445s]

[比較結果]
  Fastest vs Original: 50.00x 高速
  Beta vs Original: 50.49x 高速
  Beta vs Fastest: 1.01x 高速

  [最速] BETA

================================================================================
テスト: 複雑データ構造 (1000件)
操作数: 1,000
================================================================================

[DictSQLite オリジナル版]
  平均時間: 712.38ms (実測: 2.838s)
  スループット: 1.40K ops/sec

[DictSQLite-Fastest APSW版]
  平均時間: 11.67ms (実測: 49.05ms)
  スループット: 85.72K ops/sec

[DictSQLite-Fastest Beta版]
  平均時間: 12.51ms (実測: 50.85ms)
  スループット: 79.92K ops/sec

[テスト全体の実測時間: 2.938s]

[比較結果]
  Fastest vs Original: 61.06x 高速
  Beta vs Original: 56.93x 高速
  Beta vs Fastest: 0.93x 高速

  [最速] FASTEST

================================================================================
テスト: 更新操作 (1000件)
操作数: 1,000
================================================================================

[DictSQLite オリジナル版]
  平均時間: 1.366s (実測: 5.503s)
  スループット: 732.29 ops/sec

[DictSQLite-Fastest APSW版]
  平均時間: 7.13ms (実測: 30.92ms)
  スループット: 140.20K ops/sec

[DictSQLite-Fastest Beta版]
  平均時間: 7.47ms (実測: 31.41ms)
  スループット: 133.95K ops/sec

[テスト全体の実測時間: 5.565s]

[比較結果]
  Fastest vs Original: 191.45x 高速
  Beta vs Original: 182.93x 高速
  Beta vs Fastest: 0.96x 高速

  [最速] FASTEST

================================================================================
テスト: 更新操作 (5000件)
操作数: 5,000
================================================================================

[DictSQLite オリジナル版]
  平均時間: 6.728s (実測: 27.050s)
  スループット: 743.19 ops/sec

[DictSQLite-Fastest APSW版]
  平均時間: 26.40ms (実測: 108.13ms)
  スループット: 189.43K ops/sec

[DictSQLite-Fastest Beta版]
  平均時間: 27.51ms (実測: 111.62ms)
  スループット: 181.72K ops/sec

[テスト全体の実測時間: 27.270s]

[比較結果]
  Fastest vs Original: 254.88x 高速
  Beta vs Original: 244.52x 高速
  Beta vs Fastest: 0.96x 高速

  [最速] FASTEST

================================================================================
テスト: 削除操作 (1000件)
操作数: 1,000
================================================================================

[DictSQLite オリジナル版]
  平均時間: 1.308s (実測: 5.209s)
  スループット: 764.39 ops/sec

[DictSQLite-Fastest APSW版]
  平均時間: 21.69ms (実測: 89.31ms)
  スループット: 46.11K ops/sec

[DictSQLite-Fastest Beta版]
  平均時間: 23.17ms (実測: 94.88ms)
  スループット: 43.16K ops/sec

[テスト全体の実測時間: 5.393s]

[比較結果]
  Fastest vs Original: 60.32x 高速
  Beta vs Original: 56.47x 高速
  Beta vs Fastest: 0.94x 高速

  [最速] FASTEST

================================================================================
テスト: 削除操作 (5000件)
操作数: 5,000
================================================================================

[DictSQLite オリジナル版]
  平均時間: 6.564s (実測: 26.217s)
  スループット: 761.73 ops/sec

[DictSQLite-Fastest APSW版]
  平均時間: 89.93ms (実測: 358.22ms)
  スループット: 55.60K ops/sec

[DictSQLite-Fastest Beta版]
  平均時間: 96.50ms (実測: 384.95ms)
  スループット: 51.81K ops/sec

[テスト全体の実測時間: 26.960s]

[比較結果]
  Fastest vs Original: 72.99x 高速
  Beta vs Original: 68.02x 高速
  Beta vs Fastest: 0.93x 高速

  [最速] FASTEST

================================================================================
テスト: 混合操作 (1000件)
操作数: 1,000
================================================================================

[DictSQLite オリジナル版]
  平均時間: 938.45ms (実測: 3.751s)
  スループット: 1.07K ops/sec

[DictSQLite-Fastest APSW版]
  平均時間: 43.47ms (実測: 177.18ms)
  スループット: 23.01K ops/sec

[DictSQLite-Fastest Beta版]
  平均時間: 7.36ms (実測: 31.64ms)
  スループット: 135.94K ops/sec

[テスト全体の実測時間: 3.960s]

[比較結果]
  Fastest vs Original: 21.59x 高速
  Beta vs Original: 127.58x 高速
  Beta vs Fastest: 5.91x 高速

  [最速] BETA

================================================================================
テスト: 混合操作 (5000件)
操作数: 5,000
================================================================================

[DictSQLite オリジナル版]
  平均時間: 4.759s (実測: 19.088s)
  スループット: 1.05K ops/sec

[DictSQLite-Fastest APSW版]
  平均時間: 199.68ms (実測: 796.60ms)
  スループット: 25.04K ops/sec

[DictSQLite-Fastest Beta版]
  平均時間: 71.60ms (実測: 286.49ms)
  スループット: 69.83K ops/sec

[テスト全体の実測時間: 20.172s]

[比較結果]
  Fastest vs Original: 23.83x 高速
  Beta vs Original: 66.47x 高速
  Beta vs Fastest: 2.79x 高速

  [最速] BETA

================================================================================
非同期テスト: 非同期書き込み (1000件)
操作数: 1,000
================================================================================

[AsyncDictSQLiteFastest]
  平均時間: 1.010s (実測: 4.040s)
  スループット: 990.10 ops/sec

[AsyncDictSQLiteFastestBeta]
  平均時間: 1.010s (実測: 4.039s)
  スループット: 990.50 ops/sec

[テスト全体の実測時間: 8.080s]

[比較結果]
  Beta vs Fastest: 1.00x 高速
  [最速] BETA

================================================================================
非同期テスト: 非同期書き込み (5000件)
操作数: 5,000
================================================================================

[AsyncDictSQLiteFastest]
  平均時間: 1.012s (実測: 4.051s)
  スループット: 4.94K ops/sec

[AsyncDictSQLiteFastestBeta]
  平均時間: 1.011s (実測: 4.045s)
  スループット: 4.94K ops/sec

[テスト全体の実測時間: 8.096s]

[比較結果]
  Beta vs Fastest: 1.00x 高速
  [最速] BETA

================================================================================
非同期テスト: 非同期バルク挿入 (1000件)
操作数: 1,000
================================================================================

[AsyncDictSQLiteFastest]
  平均時間: 1.011s (実測: 4.045s)
  スループット: 989.31 ops/sec

[AsyncDictSQLiteFastestBeta]
  平均時間: 1.010s (実測: 4.041s)
  スループット: 989.99 ops/sec

[テスト全体の実測時間: 8.086s]

[比較結果]
  Beta vs Fastest: 1.00x 高速
  [最速] BETA

================================================================================
非同期テスト: 非同期バルク挿入 (5000件)
操作数: 5,000
================================================================================

[AsyncDictSQLiteFastest]
  平均時間: 1.018s (実測: 4.073s)
  スループット: 4.91K ops/sec

[AsyncDictSQLiteFastestBeta]
  平均時間: 1.013s (実測: 4.053s)
  スループット: 4.93K ops/sec

[テスト全体の実測時間: 8.126s]

[比較結果]
  Beta vs Fastest: 1.00x 高速
  [最速] BETA

================================================================================
非同期テスト: 非同期バルク挿入 (10000件)
操作数: 10,000
================================================================================

[AsyncDictSQLiteFastest]
  平均時間: 1.028s (実測: 4.113s)
  スループット: 9.72K ops/sec

[AsyncDictSQLiteFastestBeta]
  平均時間: 1.018s (実測: 4.073s)
  スループット: 9.82K ops/sec

[テスト全体の実測時間: 8.187s]

[比較結果]
  Beta vs Fastest: 1.01x 高速
  [最速] BETA

================================================================================
非同期テスト: 非同期並行操作 (500件, 並行度10)
操作数: 500
================================================================================

[AsyncDictSQLiteFastest]
  平均時間: 1.010s (実測: 4.039s)
  スループット: 495.17 ops/sec

[AsyncDictSQLiteFastestBeta]
  平均時間: 1.009s (実測: 4.038s)
  スループット: 495.44 ops/sec

[テスト全体の実測時間: 8.077s]

[比較結果]
  Beta vs Fastest: 1.00x 高速
  [最速] BETA

================================================================================
非同期テスト: 非同期並行操作 (1000件, 並行度20)
操作数: 1,000
================================================================================

[AsyncDictSQLiteFastest]
  平均時間: 1.010s (実測: 4.042s)
  スループット: 989.82 ops/sec

[AsyncDictSQLiteFastestBeta]
  平均時間: 1.009s (実測: 4.037s)
  スループット: 990.66 ops/sec

[テスト全体の実測時間: 8.079s]

[比較結果]
  Beta vs Fastest: 1.00x 高速
  [最速] BETA

================================================================================
非同期テスト: 非同期並行操作 (2000件, 並行度50)
操作数: 2,000
================================================================================

[AsyncDictSQLiteFastest]
  平均時間: 1.010s (実測: 4.041s)
  スループット: 1.98K ops/sec

[AsyncDictSQLiteFastestBeta]
  平均時間: 1.010s (実測: 4.041s)
  スループット: 1.98K ops/sec

[テスト全体の実測時間: 8.083s]

[比較結果]
  Fastest vs Beta: 1.00x 高速
  [最速] FASTEST
