
================================================================================
テスト: 基本書き込み (1000件)
操作数: 1,000
================================================================================

[DictSQLite オリジナル版]
  平均時間: 2.532s
  スループット: 394.91 ops/sec

[DictSQLite-Fastest APSW版]
  エラー (試行 1): no such table: main
  エラー (試行 2): no such table: main
  エラー (試行 3): no such table: main
  失敗: no such table: main

[DictSQLite-Fastest Beta版]
  平均時間: 29.41ms
  スループット: 34.00K ops/sec

[比較結果]
  Beta vs Original: 86.09x 高速

  [最速] BETA

================================================================================
テスト: 基本書き込み (5000件)
操作数: 5,000
================================================================================

[DictSQLite オリジナル版]
  平均時間: 11.939s
  スループット: 418.81 ops/sec

[DictSQLite-Fastest APSW版]
  エラー (試行 1): no such table: main
  エラー (試行 2): no such table: main
  エラー (試行 3): no such table: main
  失敗: no such table: main

[DictSQLite-Fastest Beta版]
  平均時間: 36.87ms
  スループット: 135.62K ops/sec

[比較結果]
  Beta vs Original: 323.82x 高速

  [最速] BETA

================================================================================
テスト: 基本読み込み (1000件)
操作数: 1,000
================================================================================

[DictSQLite オリジナル版]
  平均時間: 148.89ms
  スループット: 6.72K ops/sec

[DictSQLite-Fastest APSW版]
  平均時間: 15.54ms
  スループット: 64.35K ops/sec

[DictSQLite-Fastest Beta版]
  平均時間: 17.97ms
  スループット: 55.65K ops/sec

[比較結果]
  Fastest vs Original: 9.58x 高速
  Beta vs Original: 8.29x 高速
  Beta vs Fastest: 0.86x 高速

  [最速] FASTEST

================================================================================
テスト: 基本読み込み (5000件)
操作数: 5,000
================================================================================

[DictSQLite オリジナル版]
  平均時間: 713.31ms
  スループット: 7.01K ops/sec

[DictSQLite-Fastest APSW版]
  平均時間: 53.34ms
  スループット: 93.73K ops/sec

[DictSQLite-Fastest Beta版]
  平均時間: 74.21ms
  スループット: 67.38K ops/sec

[比較結果]
  Fastest vs Original: 13.37x 高速
  Beta vs Original: 9.61x 高速
  Beta vs Fastest: 0.72x 高速

  [最速] FASTEST

================================================================================
テスト: バルク挿入 (1000件)
操作数: 1,000
================================================================================

[DictSQLite オリジナル版]
  平均時間: 2.419s
  スループット: 413.47 ops/sec

[DictSQLite-Fastest APSW版]
  エラー (試行 1): maximum recursion depth exceeded while calling a Python object
  エラー (試行 2): maximum recursion depth exceeded while calling a Python object
  エラー (試行 3): maximum recursion depth exceeded while calling a Python object
  失敗: maximum recursion depth exceeded while calling a Python object

[DictSQLite-Fastest Beta版]
  エラー (試行 1): maximum recursion depth exceeded while calling a Python object
  エラー (試行 2): maximum recursion depth exceeded while calling a Python object
  エラー (試行 3): maximum recursion depth exceeded while calling a Python object
  失敗: maximum recursion depth exceeded while calling a Python object

[比較結果]

  [最速] ORIGINAL

================================================================================
テスト: バルク挿入 (5000件)
操作数: 5,000
================================================================================

[DictSQLite オリジナル版]
