
================================================================================
テスト: 基本書き込み (100件)
================================================================================

[Original]  時間: 95.09ms,  OPS: 1.05K ops/sec
[Fastest]   時間: 6.45ms,  OPS: 15.50K ops/sec
[Beta]      時間: 4.43ms,  OPS: 22.55K ops/sec

Fastest vs Original: 14.74x
Beta vs Original:    21.44x
Beta vs Fastest:     1.45x

[最速] BETA

================================================================================
テスト: 基本書き込み (1,000件)
================================================================================

[Original]  時間: 1.145s,  OPS: 873.00 ops/sec
[Fastest]   時間: 25.26ms,  OPS: 39.59K ops/sec
[Beta]      時間: 10.15ms,  OPS: 98.52K ops/sec

Fastest vs Original: 45.35x
Beta vs Original:    112.85x
Beta vs Fastest:     2.49x

[最速] BETA

================================================================================
テスト: 基本書き込み (5,000件)
================================================================================

[Original]  時間: 5.865s,  OPS: 852.50 ops/sec
[Fastest]   時間: 91.35ms,  OPS: 54.73K ops/sec
[Beta]      時間: 21.67ms,  OPS: 230.71K ops/sec

Fastest vs Original: 64.20x
Beta vs Original:    270.63x
Beta vs Fastest:     4.22x

[最速] BETA

================================================================================
テスト: 基本読み込み (100件)
================================================================================

[Original]  時間: 7.48ms,  OPS: 13.37K ops/sec
[Fastest]   時間: 3.58ms,  OPS: 27.97K ops/sec
[Beta]      時間: 4.26ms,  OPS: 23.46K ops/sec

Fastest vs Original: 2.09x
Beta vs Original:    1.75x
Beta vs Fastest:     0.84x

[最速] FASTEST

================================================================================
テスト: 基本読み込み (1,000件)
================================================================================

[Original]  時間: 73.32ms,  OPS: 13.64K ops/sec
[Fastest]   時間: 16.28ms,  OPS: 61.43K ops/sec
[Beta]      時間: 20.18ms,  OPS: 49.56K ops/sec

Fastest vs Original: 4.50x
Beta vs Original:    3.63x
Beta vs Fastest:     0.81x

[最速] FASTEST

================================================================================
テスト: 基本読み込み (5,000件)
================================================================================

[Original]  時間: 421.38ms,  OPS: 11.87K ops/sec
[Fastest]   時間: 75.87ms,  OPS: 65.91K ops/sec
[Beta]      時間: 92.46ms,  OPS: 54.08K ops/sec

Fastest vs Original: 5.55x
Beta vs Original:    4.56x
Beta vs Fastest:     0.82x

[最速] FASTEST

================================================================================
テスト: バルク挿入 (1,000件)
================================================================================

[Original]  時間: 1.074s,  OPS: 930.69 ops/sec
[Fastest]   時間: 7.09ms,  OPS: 141.10K ops/sec
[Beta]      時間: 7.25ms,  OPS: 137.93K ops/sec

Fastest vs Original: 151.61x
Beta vs Original:    148.20x
Beta vs Fastest:     0.98x

[最速] FASTEST

================================================================================
テスト: バルク挿入 (5,000件)
================================================================================

[Original]  時間: 5.416s,  OPS: 923.11 ops/sec
[Fastest]   時間: 18.31ms,  OPS: 273.05K ops/sec
[Beta]      時間: 17.96ms,  OPS: 278.38K ops/sec

Fastest vs Original: 295.80x
Beta vs Original:    301.57x
Beta vs Fastest:     1.02x

[最速] BETA

================================================================================
テスト: バルク挿入 (10,000件)
================================================================================

[Original]  時間: 10.411s,  OPS: 960.53 ops/sec
[Fastest]   時間: 34.64ms,  OPS: 288.69K ops/sec
[Beta]      時間: 33.91ms,  OPS: 294.91K ops/sec

Fastest vs Original: 300.55x
Beta vs Original:    307.03x
Beta vs Fastest:     1.02x

[最速] BETA

================================================================================
テスト: 非同期書き込み (100件)
================================================================================

[Fastest]   時間: 260.41ms,  OPS: 384.01 ops/sec
[Beta]      時間: 1.006s,  OPS: 99.37 ops/sec

Beta vs Fastest: 0.26x
[最速] FASTEST

================================================================================
テスト: 非同期書き込み (1,000件)
================================================================================

[Fastest]   時間: 2.195s,  OPS: 455.66 ops/sec
[Beta]      時間: 1.007s,  OPS: 992.77 ops/sec

Beta vs Fastest: 2.18x
[最速] BETA

================================================================================
テスト: 非同期書き込み (5,000件)
================================================================================

[Fastest]   時間: 11.038s,  OPS: 453.00 ops/sec
[Beta]      時間: 1.009s,  OPS: 4.96K ops/sec

Beta vs Fastest: 10.94x
[最速] BETA

結果をCSVに保存: /home/runner/work/DictSQLite/DictSQLite/others/benchmark/results/benchmark_20251004_101528.csv
結果をJSONに保存: /home/runner/work/DictSQLite/DictSQLite/others/benchmark/results/benchmark_20251004_101528.json