
================================================================================
テスト: 基本書き込み (1000件)
操作数: 1,000
================================================================================

[DictSQLite オリジナル版]
  平均時間: 1.194s
  スループット: 837.76 ops/sec

[DictSQLite-Fastest APSW版]
  平均時間: 24.48ms
  スループット: 40.85K ops/sec

[DictSQLite-Fastest Beta版]
  平均時間: 8.70ms
  スループット: 114.89K ops/sec

[比較結果]
  Fastest vs Original: 48.76x 高速
  Beta vs Original: 137.14x 高速
  Beta vs Fastest: 2.81x 高速

  [最速] BETA

================================================================================
テスト: 基本書き込み (5000件)
操作数: 5,000
================================================================================

[DictSQLite オリジナル版]
  平均時間: 6.508s
  スループット: 768.23 ops/sec

[DictSQLite-Fastest APSW版]
  平均時間: 98.19ms
  スループット: 50.92K ops/sec

[DictSQLite-Fastest Beta版]
  平均時間: 29.16ms
  スループット: 171.46K ops/sec

[比較結果]
  Fastest vs Original: 66.29x 高速
  Beta vs Original: 223.19x 高速
  Beta vs Fastest: 3.37x 高速

  [最速] BETA

================================================================================
テスト: 基本読み込み (1000件)
操作数: 1,000
================================================================================

[DictSQLite オリジナル版]
  平均時間: 91.33ms
  スループット: 10.95K ops/sec

[DictSQLite-Fastest APSW版]
  平均時間: 16.56ms
  スループット: 60.40K ops/sec

[DictSQLite-Fastest Beta版]
  平均時間: 22.53ms
  スループット: 44.39K ops/sec

[比較結果]
  Fastest vs Original: 5.52x 高速
  Beta vs Original: 4.05x 高速
  Beta vs Fastest: 0.73x 高速

  [最速] FASTEST

================================================================================
テスト: 基本読み込み (5000件)
操作数: 5,000
================================================================================

[DictSQLite オリジナル版]
  平均時間: 406.70ms
  スループット: 12.29K ops/sec

[DictSQLite-Fastest APSW版]
  平均時間: 74.74ms
  スループット: 66.90K ops/sec

[DictSQLite-Fastest Beta版]
  平均時間: 102.54ms
  スループット: 48.76K ops/sec

[比較結果]
  Fastest vs Original: 5.44x 高速
  Beta vs Original: 3.97x 高速
  Beta vs Fastest: 0.73x 高速

  [最速] FASTEST

================================================================================
テスト: バルク挿入 (1000件)
操作数: 1,000
================================================================================

[DictSQLite オリジナル版]
  平均時間: 1.302s
  スループット: 768.12 ops/sec

[DictSQLite-Fastest APSW版]
  平均時間: 5.96ms
  スループット: 167.75K ops/sec

[DictSQLite-Fastest Beta版]
  平均時間: 6.62ms
  スループット: 150.99K ops/sec

[比較結果]
  Fastest vs Original: 218.39x 高速
  Beta vs Original: 196.58x 高速
  Beta vs Fastest: 0.90x 高速

  [最速] FASTEST

================================================================================
テスト: バルク挿入 (5000件)
操作数: 5,000
================================================================================

[DictSQLite オリジナル版]
  平均時間: 6.204s
  スループット: 805.91 ops/sec

[DictSQLite-Fastest APSW版]
  平均時間: 18.86ms
  スループット: 265.16K ops/sec

[DictSQLite-Fastest Beta版]
  平均時間: 19.53ms
  スループット: 255.99K ops/sec

[比較結果]
  Fastest vs Original: 329.02x 高速
  Beta vs Original: 317.64x 高速
  Beta vs Fastest: 0.97x 高速

  [最速] FASTEST

================================================================================
テスト: バルク挿入 (10000件)
操作数: 10,000
================================================================================

[DictSQLite オリジナル版]
  平均時間: 11.859s
  スループット: 843.21 ops/sec

[DictSQLite-Fastest APSW版]
  平均時間: 33.39ms
  スループット: 299.51K ops/sec

[DictSQLite-Fastest Beta版]
  平均時間: 35.08ms
  スループット: 285.03K ops/sec

[比較結果]
  Fastest vs Original: 355.20x 高速
  Beta vs Original: 338.03x 高速
  Beta vs Fastest: 0.95x 高速

  [最速] FASTEST

================================================================================
テスト: バルク読み込み (1000件)
操作数: 1,000
================================================================================

[DictSQLite オリジナル版]
  平均時間: 83.27ms
  スループット: 12.01K ops/sec

[DictSQLite-Fastest APSW版]
  平均時間: 5.87ms
  スループット: 170.48K ops/sec

[DictSQLite-Fastest Beta版]
  平均時間: 6.63ms
  スループット: 150.82K ops/sec

[比較結果]
  Fastest vs Original: 14.20x 高速
  Beta vs Original: 12.56x 高速
  Beta vs Fastest: 0.88x 高速

  [最速] FASTEST

================================================================================
テスト: バルク読み込み (5000件)
操作数: 5,000
================================================================================

[DictSQLite オリジナル版]
  平均時間: 380.41ms
  スループット: 13.14K ops/sec

[DictSQLite-Fastest APSW版]
  平均時間: 17.35ms
  スループット: 288.25K ops/sec

[DictSQLite-Fastest Beta版]
  平均時間: 25.07ms
  スループット: 199.47K ops/sec

[比較結果]
  Fastest vs Original: 21.93x 高速
  Beta vs Original: 15.18x 高速
  Beta vs Fastest: 0.69x 高速

  [最速] FASTEST

================================================================================
テスト: バルク読み込み (10000件)
操作数: 10,000
================================================================================

[DictSQLite オリジナル版]
  平均時間: 845.09ms
  スループット: 11.83K ops/sec

[DictSQLite-Fastest APSW版]
  平均時間: 24.97ms
  スループット: 400.52K ops/sec

[DictSQLite-Fastest Beta版]
  平均時間: 43.29ms
  スループット: 231.03K ops/sec

[比較結果]
  Fastest vs Original: 33.85x 高速
  Beta vs Original: 19.52x 高速
  Beta vs Fastest: 0.58x 高速

  [最速] FASTEST

================================================================================
テスト: 複雑データ構造 (100件)
操作数: 100
================================================================================

[DictSQLite オリジナル版]
  平均時間: 128.06ms
  スループット: 780.89 ops/sec

[DictSQLite-Fastest APSW版]
  平均時間: 5.54ms
  スループット: 18.04K ops/sec

[DictSQLite-Fastest Beta版]
  平均時間: 5.50ms
  スループット: 18.18K ops/sec

[比較結果]
  Fastest vs Original: 23.10x 高速
  Beta vs Original: 23.28x 高速
  Beta vs Fastest: 1.01x 高速

  [最速] BETA

================================================================================
テスト: 複雑データ構造 (500件)
操作数: 500
================================================================================

[DictSQLite オリジナル版]
  平均時間: 710.62ms
  スループット: 703.61 ops/sec

[DictSQLite-Fastest APSW版]
  平均時間: 10.54ms
  スループット: 47.43K ops/sec

[DictSQLite-Fastest Beta版]
  平均時間: 10.93ms
  スループット: 45.74K ops/sec

[比較結果]
  Fastest vs Original: 67.41x 高速
  Beta vs Original: 65.00x 高速
  Beta vs Fastest: 0.96x 高速

  [最速] FASTEST

================================================================================
テスト: 複雑データ構造 (1000件)
操作数: 1,000
================================================================================

[DictSQLite オリジナル版]
  平均時間: 1.430s
  スループット: 699.31 ops/sec

[DictSQLite-Fastest APSW版]
  平均時間: 16.05ms
  スループット: 62.32K ops/sec

[DictSQLite-Fastest Beta版]
  平均時間: 15.96ms
  スループット: 62.67K ops/sec

[比較結果]
  Fastest vs Original: 89.12x 高速
  Beta vs Original: 89.61x 高速
  Beta vs Fastest: 1.01x 高速

  [最速] BETA

================================================================================
テスト: 更新操作 (1000件)
操作数: 1,000
================================================================================

[DictSQLite オリジナル版]
  平均時間: 2.485s
  スループット: 402.47 ops/sec

[DictSQLite-Fastest APSW版]
  平均時間: 9.75ms
  スループット: 102.57K ops/sec

[DictSQLite-Fastest Beta版]
  平均時間: 9.62ms
  スループット: 104.00K ops/sec

[比較結果]
  Fastest vs Original: 254.84x 高速
  Beta vs Original: 258.41x 高速
  Beta vs Fastest: 1.01x 高速

  [最速] BETA

================================================================================
テスト: 更新操作 (5000件)
操作数: 5,000
================================================================================

[DictSQLite オリジナル版]
  平均時間: 11.302s
  スループット: 442.41 ops/sec

[DictSQLite-Fastest APSW版]
  平均時間: 28.91ms
  スループット: 172.94K ops/sec

[DictSQLite-Fastest Beta版]
  平均時間: 29.64ms
  スループット: 168.72K ops/sec

[比較結果]
  Fastest vs Original: 390.91x 高速
  Beta vs Original: 381.36x 高速
  Beta vs Fastest: 0.98x 高速

  [最速] FASTEST

================================================================================
テスト: 削除操作 (1000件)
操作数: 1,000
================================================================================

[DictSQLite オリジナル版]
  平均時間: 2.390s
  スループット: 418.35 ops/sec

[DictSQLite-Fastest APSW版]
  平均時間: 22.89ms
  スループット: 43.69K ops/sec

[DictSQLite-Fastest Beta版]
  平均時間: 24.67ms
  スループット: 40.54K ops/sec

[比較結果]
  Fastest vs Original: 104.44x 高速
  Beta vs Original: 96.90x 高速
  Beta vs Fastest: 0.93x 高速

  [最速] FASTEST

================================================================================
テスト: 削除操作 (5000件)
操作数: 5,000
================================================================================

[DictSQLite オリジナル版]
  平均時間: 11.374s
  スループット: 439.60 ops/sec

[DictSQLite-Fastest APSW版]
  平均時間: 99.82ms
  スループット: 50.09K ops/sec

[DictSQLite-Fastest Beta版]
  平均時間: 104.20ms
  スループット: 47.98K ops/sec

[比較結果]
  Fastest vs Original: 113.94x 高速
  Beta vs Original: 109.15x 高速
  Beta vs Fastest: 0.96x 高速

  [最速] FASTEST

================================================================================
テスト: 混合操作 (1000件)
操作数: 1,000
================================================================================

[DictSQLite オリジナル版]
  平均時間: 1.785s
  スループット: 560.11 ops/sec

[DictSQLite-Fastest APSW版]
  エラー (試行 1): 'DictSQLiteFastest' object has no attribute 'get'
  エラー (試行 2): 'DictSQLiteFastest' object has no attribute 'get'
  エラー (試行 3): 'DictSQLiteFastest' object has no attribute 'get'
  失敗: 'DictSQLiteFastest' object has no attribute 'get'

[DictSQLite-Fastest Beta版]
  平均時間: 10.62ms
  スループット: 94.18K ops/sec

[比較結果]
  Beta vs Original: 168.15x 高速

  [最速] BETA

================================================================================
テスト: 混合操作 (5000件)
操作数: 5,000
================================================================================

[DictSQLite オリジナル版]
  平均時間: 8.391s
  スループット: 595.91 ops/sec

[DictSQLite-Fastest APSW版]
  エラー (試行 1): 'DictSQLiteFastest' object has no attribute 'get'
  エラー (試行 2): 'DictSQLiteFastest' object has no attribute 'get'
  エラー (試行 3): 'DictSQLiteFastest' object has no attribute 'get'
  失敗: 'DictSQLiteFastest' object has no attribute 'get'

[DictSQLite-Fastest Beta版]
  平均時間: 35.71ms
  スループット: 140.01K ops/sec

[比較結果]
  Beta vs Original: 234.95x 高速

  [最速] BETA

================================================================================
非同期テスト: 非同期書き込み (1000件)
操作数: 1,000
================================================================================

[AsyncDictSQLiteFastest]
  平均時間: 2.427s
  スループット: 411.96 ops/sec

[AsyncDictSQLiteFastestBeta]
  平均時間: 30.131s
  スループット: 33.19 ops/sec

[比較結果]
  Fastest vs Beta: 12.41x 高速
  [最速] FASTEST

================================================================================
非同期テスト: 非同期書き込み (5000件)
操作数: 5,000
================================================================================

[AsyncDictSQLiteFastest]
  平均時間: 12.141s
  スループット: 411.84 ops/sec

[AsyncDictSQLiteFastestBeta]
  平均時間: 30.542s
  スループット: 163.71 ops/sec

[比較結果]
  Fastest vs Beta: 2.52x 高速
  [最速] FASTEST

================================================================================
非同期テスト: 非同期バルク挿入 (1000件)
操作数: 1,000
================================================================================

[AsyncDictSQLiteFastest]
  平均時間: 9.98ms
  スループット: 100.24K ops/sec

[AsyncDictSQLiteFastestBeta]
  エラー (試行 1): database is locked
  エラー (試行 2): database is locked
  エラー (試行 3): database is locked
  失敗: database is locked

[比較結果]

================================================================================
非同期テスト: 非同期バルク挿入 (5000件)
操作数: 5,000
================================================================================

[AsyncDictSQLiteFastest]
  平均時間: 23.29ms
  スループット: 214.73K ops/sec

[AsyncDictSQLiteFastestBeta]
  エラー (試行 1): database is locked
  エラー (試行 2): database is locked
  エラー (試行 3): database is locked
  失敗: database is locked

[比較結果]

================================================================================
非同期テスト: 非同期バルク挿入 (10000件)
操作数: 10,000
================================================================================

[AsyncDictSQLiteFastest]
  平均時間: 37.11ms
  スループット: 269.50K ops/sec

[AsyncDictSQLiteFastestBeta]
  エラー (試行 1): database is locked
  エラー (試行 2): database is locked
  エラー (試行 3): database is locked
  失敗: database is locked

[比較結果]

================================================================================
非同期テスト: 非同期並行操作 (500件, 並行度10)
操作数: 500
================================================================================

[AsyncDictSQLiteFastest]
  エラー (試行 1): database is locked
  エラー (試行 2): database is locked
  エラー (試行 3): database is locked
  失敗: database is locked

[AsyncDictSQLiteFastestBeta]
  平均時間: 30.069s
  スループット: 16.63 ops/sec

[比較結果]

================================================================================
非同期テスト: 非同期並行操作 (1000件, 並行度20)
操作数: 1,000
================================================================================

[AsyncDictSQLiteFastest]
  エラー (試行 1): database is locked
  エラー (試行 2): database is locked
  エラー (試行 3): database is locked
  失敗: database is locked

[AsyncDictSQLiteFastestBeta]
  平均時間: 30.100s
  スループット: 33.22 ops/sec

[比較結果]

================================================================================
非同期テスト: 非同期並行操作 (2000件, 並行度50)
操作数: 2,000
================================================================================

[AsyncDictSQLiteFastest]
  エラー (試行 1): database is locked
  エラー (試行 2): database is locked
  エラー (試行 3): database is locked
  失敗: database is locked

[AsyncDictSQLiteFastestBeta]
  平均時間: 30.165s
  スループット: 66.30 ops/sec

[比較結果]
