
================================================================================
テスト: 基本書き込み (100件)
================================================================================

[Original]  時間: 92.25ms,  OPS: 1.08K ops/sec
[Fastest]   エラー: no such table: main
[Beta]      時間: 29.64ms,  OPS: 3.37K ops/sec
Beta vs Original:    3.11x

[最速] BETA

================================================================================
テスト: 基本書き込み (1,000件)
================================================================================

[Original]  時間: 998.36ms,  OPS: 1.00K ops/sec
[Fastest]   エラー: no such table: main
[Beta]      時間: 32.35ms,  OPS: 30.92K ops/sec
Beta vs Original:    30.87x

[最速] BETA

================================================================================
テスト: 基本書き込み (5,000件)
================================================================================

[Original]  時間: 4.767s,  OPS: 1.05K ops/sec
[Fastest]   エラー: no such table: main
[Beta]      時間: 45.43ms,  OPS: 110.06K ops/sec
Beta vs Original:    104.93x

[最速] BETA

================================================================================
テスト: 基本読み込み (100件)
================================================================================

[Original]  時間: 7.43ms,  OPS: 13.47K ops/sec
[Fastest]   時間: 3.66ms,  OPS: 27.29K ops/sec
[Beta]      時間: 5.27ms,  OPS: 18.97K ops/sec

Fastest vs Original: 2.03x
Beta vs Original:    1.41x
Beta vs Fastest:     0.70x

[最速] FASTEST

================================================================================
テスト: 基本読み込み (1,000件)
================================================================================

[Original]  時間: 86.01ms,  OPS: 11.63K ops/sec
[Fastest]   時間: 17.14ms,  OPS: 58.36K ops/sec
[Beta]      時間: 23.30ms,  OPS: 42.91K ops/sec

Fastest vs Original: 5.02x
Beta vs Original:    3.69x
Beta vs Fastest:     0.74x

[最速] FASTEST

================================================================================
テスト: 基本読み込み (5,000件)
================================================================================

[Original]  時間: 417.85ms,  OPS: 11.97K ops/sec
[Fastest]   時間: 75.41ms,  OPS: 66.31K ops/sec
[Beta]      時間: 107.01ms,  OPS: 46.73K ops/sec

Fastest vs Original: 5.54x
Beta vs Original:    3.90x
Beta vs Fastest:     0.70x

[最速] FASTEST

================================================================================
テスト: バルク挿入 (1,000件)
================================================================================

[Original]  時間: 1.057s,  OPS: 946.13 ops/sec

[最速] ORIGINAL

================================================================================
テスト: バルク挿入 (5,000件)
================================================================================

[Original]  時間: 5.101s,  OPS: 980.15 ops/sec

[最速] ORIGINAL

================================================================================
テスト: バルク挿入 (10,000件)
================================================================================

[Original]  時間: 9.901s,  OPS: 1.01K ops/sec

[最速] ORIGINAL

================================================================================
テスト: 非同期書き込み (100件)
================================================================================

[Fastest]   エラー: no such table: main
[Beta]      時間: 20.039s,  OPS: 4.99 ops/sec

================================================================================
テスト: 非同期書き込み (1,000件)
================================================================================

[Fastest]   エラー: no such table: main
[Beta]      時間: 20.130s,  OPS: 49.68 ops/sec

================================================================================
テスト: 非同期書き込み (5,000件)
================================================================================

[Fastest]   エラー: no such table: main
[Beta]      時間: 20.560s,  OPS: 243.19 ops/sec

結果をCSVに保存: /home/runner/work/DictSQLite/DictSQLite/others/benchmark/results/benchmark_20251004_065810.csv
結果をJSONに保存: /home/runner/work/DictSQLite/DictSQLite/others/benchmark/results/benchmark_20251004_065810.json