
================================================================================
テスト: 基本書き込み (100件)
================================================================================

[Original]  時間: 69.85ms,  OPS: 1.43K ops/sec
[Fastest]   時間: 6.55ms,  OPS: 15.27K ops/sec
[Beta]      時間: 4.90ms,  OPS: 20.41K ops/sec

Fastest vs Original: 10.66x
Beta vs Original:    14.26x
Beta vs Fastest:     1.34x

[最速] BETA

================================================================================
テスト: 基本書き込み (1,000件)
================================================================================

[Original]  時間: 696.25ms,  OPS: 1.44K ops/sec
[Fastest]   時間: 22.47ms,  OPS: 44.51K ops/sec
[Beta]      時間: 7.08ms,  OPS: 141.32K ops/sec

Fastest vs Original: 30.99x
Beta vs Original:    98.40x
Beta vs Fastest:     3.17x

[最速] BETA

================================================================================
テスト: 基本書き込み (5,000件)
================================================================================

[Original]  時間: 3.499s,  OPS: 1.43K ops/sec
[Fastest]   時間: 92.64ms,  OPS: 53.97K ops/sec
[Beta]      時間: 21.56ms,  OPS: 231.88K ops/sec

Fastest vs Original: 37.77x
Beta vs Original:    162.26x
Beta vs Fastest:     4.30x

[最速] BETA

================================================================================
テスト: 基本読み込み (100件)
================================================================================

[Original]  時間: 7.41ms,  OPS: 13.49K ops/sec
[Fastest]   時間: 3.11ms,  OPS: 32.12K ops/sec
[Beta]      時間: 5.26ms,  OPS: 19.00K ops/sec

Fastest vs Original: 2.38x
Beta vs Original:    1.41x
Beta vs Fastest:     0.59x

[最速] FASTEST

================================================================================
テスト: 基本読み込み (1,000件)
================================================================================

[Original]  時間: 78.84ms,  OPS: 12.68K ops/sec
[Fastest]   時間: 15.79ms,  OPS: 63.35K ops/sec
[Beta]      時間: 34.82ms,  OPS: 28.72K ops/sec

Fastest vs Original: 4.99x
Beta vs Original:    2.26x
Beta vs Fastest:     0.45x

[最速] FASTEST

================================================================================
テスト: 基本読み込み (5,000件)
================================================================================

[Original]  時間: 447.48ms,  OPS: 11.17K ops/sec
[Fastest]   時間: 71.68ms,  OPS: 69.75K ops/sec
[Beta]      時間: 184.37ms,  OPS: 27.12K ops/sec

Fastest vs Original: 6.24x
Beta vs Original:    2.43x
Beta vs Fastest:     0.39x

[最速] FASTEST

================================================================================
テスト: バルク挿入 (1,000件)
================================================================================

[Original]  時間: 686.80ms,  OPS: 1.46K ops/sec
[Fastest]   時間: 6.10ms,  OPS: 163.90K ops/sec
[Beta]      時間: 5.90ms,  OPS: 169.48K ops/sec

Fastest vs Original: 112.57x
Beta vs Original:    116.40x
Beta vs Fastest:     1.03x

[最速] BETA

================================================================================
テスト: バルク挿入 (5,000件)
================================================================================

[Original]  時間: 3.400s,  OPS: 1.47K ops/sec
[Fastest]   時間: 17.98ms,  OPS: 278.07K ops/sec
[Beta]      時間: 17.43ms,  OPS: 286.85K ops/sec

Fastest vs Original: 189.11x
Beta vs Original:    195.09x
Beta vs Fastest:     1.03x

[最速] BETA

================================================================================
テスト: バルク挿入 (10,000件)
================================================================================

[Original]  時間: 6.651s,  OPS: 1.50K ops/sec
[Fastest]   時間: 32.56ms,  OPS: 307.09K ops/sec
[Beta]      時間: 31.44ms,  OPS: 318.04K ops/sec

Fastest vs Original: 204.26x
Beta vs Original:    211.53x
Beta vs Fastest:     1.04x

[最速] BETA

================================================================================
テスト: 非同期書き込み (100件)
================================================================================

[Fastest]   時間: 1.010s,  OPS: 98.99 ops/sec
[Beta]      時間: 3.008s,  OPS: 33.24 ops/sec

Beta vs Fastest: 0.34x
[最速] FASTEST

================================================================================
テスト: 非同期書き込み (1,000件)
================================================================================

[Fastest]   時間: 1.010s,  OPS: 990.08 ops/sec
[Beta]      時間: 3.011s,  OPS: 332.12 ops/sec

Beta vs Fastest: 0.34x
[最速] FASTEST

================================================================================
テスト: 非同期書き込み (5,000件)
================================================================================

[Fastest]   時間: 1.012s,  OPS: 4.94K ops/sec
[Beta]      時間: 3.013s,  OPS: 1.66K ops/sec

Beta vs Fastest: 0.34x
[最速] FASTEST

結果をCSVに保存: /home/runner/work/DictSQLite/DictSQLite/others/benchmark/results/benchmark_20251006_070305.csv
結果をJSONに保存: /home/runner/work/DictSQLite/DictSQLite/others/benchmark/results/benchmark_20251006_070305.json