
================================================================================
テスト: 基本書き込み (100件)
================================================================================

[Original]  時間: 99.83ms,  OPS: 1.00K ops/sec
[Fastest]   時間: 5.88ms,  OPS: 17.00K ops/sec
[Beta]      時間: 4.56ms,  OPS: 21.93K ops/sec

Fastest vs Original: 16.97x
Beta vs Original:    21.90x
Beta vs Fastest:     1.29x

[最速] BETA

================================================================================
テスト: 基本書き込み (1,000件)
================================================================================

[Original]  時間: 905.76ms,  OPS: 1.10K ops/sec
[Fastest]   時間: 16.88ms,  OPS: 59.23K ops/sec
[Beta]      時間: 6.50ms,  OPS: 153.93K ops/sec

Fastest vs Original: 53.65x
Beta vs Original:    139.43x
Beta vs Fastest:     2.60x

[最速] BETA

================================================================================
テスト: 基本書き込み (5,000件)
================================================================================

[Original]  時間: 4.334s,  OPS: 1.15K ops/sec
[Fastest]   時間: 71.45ms,  OPS: 69.98K ops/sec
[Beta]      時間: 21.44ms,  OPS: 233.19K ops/sec

Fastest vs Original: 60.66x
Beta vs Original:    202.14x
Beta vs Fastest:     3.33x

[最速] BETA

================================================================================
テスト: 基本読み込み (100件)
================================================================================

[Original]  時間: 5.91ms,  OPS: 16.91K ops/sec
[Fastest]   時間: 2.95ms,  OPS: 33.86K ops/sec
[Beta]      時間: 3.43ms,  OPS: 29.14K ops/sec

Fastest vs Original: 2.00x
Beta vs Original:    1.72x
Beta vs Fastest:     0.86x

[最速] FASTEST

================================================================================
テスト: 基本読み込み (1,000件)
================================================================================

[Original]  時間: 61.28ms,  OPS: 16.32K ops/sec
[Fastest]   時間: 15.34ms,  OPS: 65.20K ops/sec
[Beta]      時間: 17.63ms,  OPS: 56.72K ops/sec

Fastest vs Original: 4.00x
Beta vs Original:    3.48x
Beta vs Fastest:     0.87x

[最速] FASTEST

================================================================================
テスト: 基本読み込み (5,000件)
================================================================================

[Original]  時間: 317.85ms,  OPS: 15.73K ops/sec
[Fastest]   時間: 63.63ms,  OPS: 78.57K ops/sec
[Beta]      時間: 75.83ms,  OPS: 65.94K ops/sec

Fastest vs Original: 4.99x
Beta vs Original:    4.19x
Beta vs Fastest:     0.84x

[最速] FASTEST

================================================================================
テスト: バルク挿入 (1,000件)
================================================================================

[Original]  時間: 838.31ms,  OPS: 1.19K ops/sec
[Fastest]   時間: 6.19ms,  OPS: 161.47K ops/sec
[Beta]      時間: 5.58ms,  OPS: 179.24K ops/sec

Fastest vs Original: 135.36x
Beta vs Original:    150.26x
Beta vs Fastest:     1.11x

[最速] BETA

================================================================================
テスト: バルク挿入 (5,000件)
================================================================================

[Original]  時間: 4.671s,  OPS: 1.07K ops/sec
[Fastest]   時間: 16.66ms,  OPS: 300.18K ops/sec
[Beta]      時間: 18.39ms,  OPS: 271.89K ops/sec

Fastest vs Original: 280.43x
Beta vs Original:    254.00x
Beta vs Fastest:     0.91x

[最速] FASTEST

================================================================================
テスト: バルク挿入 (10,000件)
================================================================================

[Original]  時間: 9.350s,  OPS: 1.07K ops/sec
[Fastest]   時間: 28.84ms,  OPS: 346.77K ops/sec
[Beta]      時間: 29.39ms,  OPS: 340.29K ops/sec

Fastest vs Original: 324.23x
Beta vs Original:    318.16x
Beta vs Fastest:     0.98x

[最速] FASTEST

================================================================================
テスト: 非同期書き込み (100件)
================================================================================

[Fastest]   時間: 1.010s,  OPS: 99.02 ops/sec
[Beta]      時間: 1.006s,  OPS: 99.36 ops/sec

Beta vs Fastest: 1.00x
[最速] BETA

================================================================================
テスト: 非同期書き込み (1,000件)
================================================================================

[Fastest]   時間: 1.010s,  OPS: 990.33 ops/sec
[Beta]      時間: 1.008s,  OPS: 992.24 ops/sec

Beta vs Fastest: 1.00x
[最速] BETA

================================================================================
テスト: 非同期書き込み (5,000件)
================================================================================

[Fastest]   時間: 1.012s,  OPS: 4.94K ops/sec
[Beta]      時間: 1.008s,  OPS: 4.96K ops/sec

Beta vs Fastest: 1.00x
[最速] BETA

結果をCSVに保存: /home/runner/work/DictSQLite/DictSQLite/others/benchmark/results/benchmark_20251004_120201.csv
結果をJSONに保存: /home/runner/work/DictSQLite/DictSQLite/others/benchmark/results/benchmark_20251004_120201.json