======================================================================
  🚀 DictSQLite 最適化ベンチマーク
======================================================================
  モード: FAST
  テスト対象:
    - DictSQLite (オリジナル版)
    - DictSQLiteV2 (v2.0版)
======================================================================

======================================================================
テスト: 基本書き込み (小) (サイズ: 100)
======================================================================
[Original]  時間: 67.84ms,  OPS: 1.47K ops/sec
[V2]        時間: 2.50ms,  OPS: 40.06K ops/sec

V2 vs Original: 27.18x 高速
[最速] V2

======================================================================
テスト: 基本書き込み (中) (サイズ: 500)
======================================================================
[Original]  時間: 326.95ms,  OPS: 1.53K ops/sec
[V2]        時間: 4.31ms,  OPS: 116.08K ops/sec

V2 vs Original: 75.91x 高速
[最速] V2

======================================================================
テスト: 基本読み込み (小) (サイズ: 100)
======================================================================
[Original]  時間: 6.54ms,  OPS: 15.29K ops/sec
[V2]        時間: 500.10μs,  OPS: 199.96K ops/sec

V2 vs Original: 13.08x 高速
[最速] V2

======================================================================
テスト: 基本読み込み (中) (サイズ: 500)
======================================================================
[Original]  時間: 32.49ms,  OPS: 15.39K ops/sec
[V2]        時間: 1.08ms,  OPS: 463.65K ops/sec

V2 vs Original: 30.13x 高速
[最速] V2

======================================================================
テスト: 混合操作 (小) (サイズ: 100)
======================================================================
[Original]  時間: 121.85ms,  OPS: 1.85K ops/sec
[V2]        時間: 2.63ms,  OPS: 85.67K ops/sec

V2 vs Original: 46.40x 高速
[最速] V2

======================================================================
非同期テスト開始
======================================================================

======================================================================
テスト: 非同期書き込み (中) (サイズ: 500)
======================================================================
[V2 Async]  エラー: Async ultra-fast version not yet implemented. Use sync version with asyncio.to_thread()

結果をCSVに保存: /home/runner/work/DictSQLite/DictSQLite/others/benchmark/results/benchmark_20251006_154953.csv
結果をJSONに保存: /home/runner/work/DictSQLite/DictSQLite/others/benchmark/results/benchmark_20251006_154953.json