
================================================================================
テスト: 基本書き込み (100件)
================================================================================

[Original]  時間: 134.22ms,  OPS: 745.05 ops/sec
[Fastest]   時間: 9.11ms,  OPS: 10.97K ops/sec
[Beta]      時間: 6.58ms,  OPS: 15.20K ops/sec

Fastest vs Original: 14.73x
Beta vs Original:    20.40x
Beta vs Fastest:     1.38x

[最速] BETA

================================================================================
テスト: 基本書き込み (1,000件)
================================================================================

[Original]  時間: 1.295s,  OPS: 771.92 ops/sec
[Fastest]   時間: 23.65ms,  OPS: 42.28K ops/sec
[Beta]      時間: 10.17ms,  OPS: 98.32K ops/sec

Fastest vs Original: 54.77x
Beta vs Original:    127.37x
Beta vs Fastest:     2.33x

[最速] BETA

================================================================================
テスト: 基本書き込み (5,000件)
================================================================================

[Original]  時間: 6.008s,  OPS: 832.16 ops/sec
[Fastest]   時間: 98.85ms,  OPS: 50.58K ops/sec
[Beta]      時間: 23.99ms,  OPS: 208.44K ops/sec

Fastest vs Original: 60.78x
Beta vs Original:    250.48x
Beta vs Fastest:     4.12x

[最速] BETA

================================================================================
テスト: 基本読み込み (100件)
================================================================================

[Original]  時間: 7.17ms,  OPS: 13.95K ops/sec
[Fastest]   時間: 3.97ms,  OPS: 25.18K ops/sec
[Beta]      時間: 4.12ms,  OPS: 24.25K ops/sec

Fastest vs Original: 1.81x
Beta vs Original:    1.74x
Beta vs Fastest:     0.96x

[最速] FASTEST

================================================================================
テスト: 基本読み込み (1,000件)
================================================================================

[Original]  時間: 75.97ms,  OPS: 13.16K ops/sec
[Fastest]   時間: 16.79ms,  OPS: 59.57K ops/sec
[Beta]      時間: 20.52ms,  OPS: 48.74K ops/sec

Fastest vs Original: 4.53x
Beta vs Original:    3.70x
Beta vs Fastest:     0.82x

[最速] FASTEST

================================================================================
テスト: 基本読み込み (5,000件)
================================================================================

[Original]  時間: 407.08ms,  OPS: 12.28K ops/sec
[Fastest]   時間: 71.22ms,  OPS: 70.21K ops/sec
[Beta]      時間: 88.18ms,  OPS: 56.70K ops/sec

Fastest vs Original: 5.72x
Beta vs Original:    4.62x
Beta vs Fastest:     0.81x

[最速] FASTEST

================================================================================
テスト: バルク挿入 (1,000件)
================================================================================

[Original]  時間: 1.231s,  OPS: 812.43 ops/sec
[Fastest]   時間: 7.61ms,  OPS: 131.42K ops/sec
[Beta]      時間: 7.42ms,  OPS: 134.80K ops/sec

Fastest vs Original: 161.76x
Beta vs Original:    165.92x
Beta vs Fastest:     1.03x

[最速] BETA

================================================================================
テスト: バルク挿入 (5,000件)
================================================================================

[Original]  時間: 6.444s,  OPS: 775.91 ops/sec
[Fastest]   時間: 18.99ms,  OPS: 263.30K ops/sec
[Beta]      時間: 19.19ms,  OPS: 260.58K ops/sec

Fastest vs Original: 339.34x
Beta vs Original:    335.84x
Beta vs Fastest:     0.99x

[最速] FASTEST

================================================================================
テスト: バルク挿入 (10,000件)
================================================================================

[Original]  時間: 12.429s,  OPS: 804.57 ops/sec
[Fastest]   時間: 35.23ms,  OPS: 283.85K ops/sec
[Beta]      時間: 33.75ms,  OPS: 296.33K ops/sec

Fastest vs Original: 352.79x
Beta vs Original:    368.31x
Beta vs Fastest:     1.04x

[最速] BETA

================================================================================
テスト: 非同期書き込み (100件)
================================================================================

[Fastest]   時間: 1.012s,  OPS: 98.77 ops/sec
[Beta]      時間: 1.011s,  OPS: 98.96 ops/sec

Beta vs Fastest: 1.00x
[最速] BETA

================================================================================
テスト: 非同期書き込み (1,000件)
================================================================================

[Fastest]   時間: 1.011s,  OPS: 989.55 ops/sec
[Beta]      時間: 1.008s,  OPS: 992.10 ops/sec

Beta vs Fastest: 1.00x
[最速] BETA

================================================================================
テスト: 非同期書き込み (5,000件)
================================================================================

[Fastest]   時間: 1.013s,  OPS: 4.93K ops/sec
[Beta]      時間: 1.010s,  OPS: 4.95K ops/sec

Beta vs Fastest: 1.00x
[最速] BETA

結果をCSVに保存: /home/runner/work/DictSQLite/DictSQLite/others/benchmark/results/benchmark_20251004_115545.csv
結果をJSONに保存: /home/runner/work/DictSQLite/DictSQLite/others/benchmark/results/benchmark_20251004_115545.json