
================================================================================
テスト: 基本書き込み (1000件)
操作数: 1,000
================================================================================

[DictSQLite オリジナル版]
  平均時間: 871.18ms (実測: 3.543s)
  スループット: 1.15K ops/sec

[DictSQLite-Fastest APSW版]
  平均時間: 22.44ms (実測: 96.58ms)
  スループット: 44.57K ops/sec

[DictSQLite-Fastest Beta版]
  平均時間: 9.75ms (実測: 38.28ms)
  スループット: 102.57K ops/sec

[テスト全体の実測時間: 3.678s]

[比較結果]
  Fastest vs Original: 38.83x 高速
  Beta vs Original: 89.36x 高速
  Beta vs Fastest: 2.30x 高速

  [最速] BETA

================================================================================
テスト: 基本書き込み (5000件)
操作数: 5,000
================================================================================

[DictSQLite オリジナル版]
  平均時間: 4.433s (実測: 17.838s)
  スループット: 1.13K ops/sec

[DictSQLite-Fastest APSW版]
  平均時間: 90.80ms (実測: 367.26ms)
  スループット: 55.06K ops/sec

[DictSQLite-Fastest Beta版]
  平均時間: 21.53ms (実測: 89.23ms)
  スループット: 232.26K ops/sec

[テスト全体の実測時間: 18.295s]

[比較結果]
  Fastest vs Original: 48.82x 高速
  Beta vs Original: 205.94x 高速
  Beta vs Fastest: 4.22x 高速

  [最速] BETA

================================================================================
テスト: 基本読み込み (1000件)
操作数: 1,000
================================================================================

[DictSQLite オリジナル版]
  平均時間: 83.39ms (実測: 326.33ms)
  スループット: 11.99K ops/sec

[DictSQLite-Fastest APSW版]
  平均時間: 16.27ms (実測: 66.38ms)
  スループット: 61.46K ops/sec

[DictSQLite-Fastest Beta版]
  平均時間: 19.21ms (実測: 77.95ms)
  スループット: 52.07K ops/sec

[テスト全体の実測時間: 471.03ms]

[比較結果]
  Fastest vs Original: 5.12x 高速
  Beta vs Original: 4.34x 高速
  Beta vs Fastest: 0.85x 高速

  [最速] FASTEST

================================================================================
テスト: 基本読み込み (5000件)
操作数: 5,000
================================================================================

[DictSQLite オリジナル版]
  平均時間: 403.96ms (実測: 1.632s)
  スループット: 12.38K ops/sec

[DictSQLite-Fastest APSW版]
  平均時間: 73.16ms (実測: 294.65ms)
  スループット: 68.35K ops/sec

[DictSQLite-Fastest Beta版]
  平均時間: 87.03ms (実測: 349.59ms)
  スループット: 57.45K ops/sec

[テスト全体の実測時間: 2.277s]

[比較結果]
  Fastest vs Original: 5.52x 高速
  Beta vs Original: 4.64x 高速
  Beta vs Fastest: 0.84x 高速

  [最速] FASTEST

================================================================================
テスト: バルク挿入 (1000件)
操作数: 1,000
================================================================================

[DictSQLite オリジナル版]
  平均時間: 996.37ms (実測: 3.912s)
  スループット: 1.00K ops/sec

[DictSQLite-Fastest APSW版]
  平均時間: 7.61ms (実測: 31.47ms)
  スループット: 131.35K ops/sec

[DictSQLite-Fastest Beta版]
  平均時間: 6.36ms (実測: 27.24ms)
  スループット: 157.34K ops/sec

[テスト全体の実測時間: 3.971s]

[比較結果]
  Fastest vs Original: 130.88x 高速
  Beta vs Original: 156.77x 高速
  Beta vs Fastest: 1.20x 高速

  [最速] BETA

================================================================================
テスト: バルク挿入 (5000件)
操作数: 5,000
================================================================================

[DictSQLite オリジナル版]
  平均時間: 4.073s (実測: 16.656s)
  スループット: 1.23K ops/sec

[DictSQLite-Fastest APSW版]
  平均時間: 17.37ms (実測: 72.24ms)
  スループット: 287.81K ops/sec

[DictSQLite-Fastest Beta版]
  平均時間: 18.67ms (実測: 75.95ms)
  スループット: 267.76K ops/sec

[テスト全体の実測時間: 16.804s]

[比較結果]
  Fastest vs Original: 234.44x 高速
  Beta vs Original: 218.11x 高速
  Beta vs Fastest: 0.93x 高速

  [最速] FASTEST

================================================================================
テスト: バルク挿入 (10000件)
操作数: 10,000
================================================================================

[DictSQLite オリジナル版]
  平均時間: 8.784s (実測: 34.361s)
  スループット: 1.14K ops/sec

[DictSQLite-Fastest APSW版]
  平均時間: 32.54ms (実測: 132.68ms)
  スループット: 307.27K ops/sec

[DictSQLite-Fastest Beta版]
  平均時間: 34.94ms (実測: 139.32ms)
  スループット: 286.18K ops/sec

[テスト全体の実測時間: 34.633s]

[比較結果]
  Fastest vs Original: 269.90x 高速
  Beta vs Original: 251.37x 高速
  Beta vs Fastest: 0.93x 高速

  [最速] FASTEST

================================================================================
テスト: バルク読み込み (1000件)
操作数: 1,000
================================================================================

[DictSQLite オリジナル版]
  平均時間: 87.75ms (実測: 337.96ms)
  スループット: 11.40K ops/sec

[DictSQLite-Fastest APSW版]
  平均時間: 4.45ms (実測: 18.87ms)
  スループット: 224.62K ops/sec

[DictSQLite-Fastest Beta版]
  平均時間: 21.27ms (実測: 85.09ms)
  スループット: 47.01K ops/sec

[テスト全体の実測時間: 442.29ms]

[比較結果]
  Fastest vs Original: 19.71x 高速
  Beta vs Original: 4.13x 高速
  Beta vs Fastest: 0.21x 高速

  [最速] FASTEST

================================================================================
テスト: バルク読み込み (5000件)
操作数: 5,000
================================================================================

[DictSQLite オリジナル版]
  平均時間: 413.94ms (実測: 1.617s)
  スループット: 12.08K ops/sec

[DictSQLite-Fastest APSW版]
  平均時間: 16.58ms (実測: 67.57ms)
  スループット: 301.49K ops/sec

[DictSQLite-Fastest Beta版]
  平均時間: 96.14ms (実測: 385.92ms)
  スループット: 52.01K ops/sec

[テスト全体の実測時間: 2.070s]

[比較結果]
  Fastest vs Original: 24.96x 高速
  Beta vs Original: 4.31x 高速
  Beta vs Fastest: 0.17x 高速

  [最速] FASTEST

================================================================================
テスト: バルク読み込み (10000件)
操作数: 10,000
================================================================================

[DictSQLite オリジナル版]
  平均時間: 778.11ms (実測: 3.221s)
  スループット: 12.85K ops/sec

[DictSQLite-Fastest APSW版]
  平均時間: 26.22ms (実測: 106.91ms)
  スループット: 381.45K ops/sec

[DictSQLite-Fastest Beta版]
  平均時間: 191.67ms (実測: 763.81ms)
  スループット: 52.17K ops/sec

[テスト全体の実測時間: 4.092s]

[比較結果]
  Fastest vs Original: 29.68x 高速
  Beta vs Original: 4.06x 高速
  Beta vs Fastest: 0.14x 高速

  [最速] FASTEST

================================================================================
テスト: 複雑データ構造 (100件)
操作数: 100
================================================================================

[DictSQLite オリジナル版]
  平均時間: 94.16ms (実測: 389.71ms)
  スループット: 1.06K ops/sec

[DictSQLite-Fastest APSW版]
  平均時間: 4.93ms (実測: 21.06ms)
  スループット: 20.27K ops/sec

[DictSQLite-Fastest Beta版]
  平均時間: 4.22ms (実測: 18.85ms)
  スループット: 23.67K ops/sec

[テスト全体の実測時間: 429.99ms]

[比較結果]
  Fastest vs Original: 19.09x 高速
  Beta vs Original: 22.29x 高速
  Beta vs Fastest: 1.17x 高速

  [最速] BETA

================================================================================
テスト: 複雑データ構造 (500件)
操作数: 500
================================================================================

[DictSQLite オリジナル版]
  平均時間: 477.77ms (実測: 1.916s)
  スループット: 1.05K ops/sec

[DictSQLite-Fastest APSW版]
  平均時間: 7.90ms (実測: 34.41ms)
  スループット: 63.25K ops/sec

[DictSQLite-Fastest Beta版]
  平均時間: 8.00ms (実測: 36.18ms)
  スループット: 62.49K ops/sec

[テスト全体の実測時間: 1.987s]

[比較結果]
  Fastest vs Original: 60.44x 高速
  Beta vs Original: 59.72x 高速
  Beta vs Fastest: 0.99x 高速

  [最速] FASTEST

================================================================================
テスト: 複雑データ構造 (1000件)
操作数: 1,000
================================================================================

[DictSQLite オリジナル版]
  平均時間: 1.004s (実測: 4.028s)
  スループット: 995.91 ops/sec

[DictSQLite-Fastest APSW版]
  平均時間: 11.76ms (実測: 50.68ms)
  スループット: 85.06K ops/sec

[DictSQLite-Fastest Beta版]
  平均時間: 12.25ms (実測: 50.39ms)
  スループット: 81.66K ops/sec

[テスト全体の実測時間: 4.129s]

[比較結果]
  Fastest vs Original: 85.41x 高速
  Beta vs Original: 81.99x 高速
  Beta vs Fastest: 0.96x 高速

  [最速] FASTEST

================================================================================
テスト: 更新操作 (1000件)
操作数: 1,000
================================================================================

[DictSQLite オリジナル版]
  平均時間: 1.762s (実測: 7.121s)
  スループット: 567.58 ops/sec

[DictSQLite-Fastest APSW版]
  平均時間: 7.78ms (実測: 36.45ms)
  スループット: 128.60K ops/sec

[DictSQLite-Fastest Beta版]
  平均時間: 8.04ms (実測: 34.84ms)
  スループット: 124.41K ops/sec

[テスト全体の実測時間: 7.193s]

[比較結果]
  Fastest vs Original: 226.58x 高速
  Beta vs Original: 219.19x 高速
  Beta vs Fastest: 0.97x 高速

  [最速] FASTEST

================================================================================
テスト: 更新操作 (5000件)
操作数: 5,000
================================================================================

[DictSQLite オリジナル版]
  平均時間: 9.104s (実測: 36.685s)
  スループット: 549.23 ops/sec

[DictSQLite-Fastest APSW版]
  平均時間: 26.87ms (実測: 111.55ms)
  スループット: 186.05K ops/sec

[DictSQLite-Fastest Beta版]
  平均時間: 28.00ms (実測: 114.52ms)
  スループット: 178.60K ops/sec

[テスト全体の実測時間: 36.911s]

[比較結果]
  Fastest vs Original: 338.74x 高速
  Beta vs Original: 325.18x 高速
  Beta vs Fastest: 0.96x 高速

  [最速] FASTEST

================================================================================
テスト: 削除操作 (1000件)
操作数: 1,000
================================================================================

[DictSQLite オリジナル版]
  平均時間: 1.908s (実測: 7.488s)
  スループット: 524.05 ops/sec

[DictSQLite-Fastest APSW版]
  平均時間: 22.98ms (実測: 100.43ms)
  スループット: 43.51K ops/sec

[DictSQLite-Fastest Beta版]
  平均時間: 24.18ms (実測: 100.70ms)
  スループット: 41.35K ops/sec

[テスト全体の実測時間: 7.689s]

[比較結果]
  Fastest vs Original: 83.02x 高速
  Beta vs Original: 78.91x 高速
  Beta vs Fastest: 0.95x 高速

  [最速] FASTEST

================================================================================
テスト: 削除操作 (5000件)
操作数: 5,000
================================================================================

[DictSQLite オリジナル版]
  平均時間: 9.520s (実測: 38.034s)
  スループット: 525.20 ops/sec

[DictSQLite-Fastest APSW版]
  平均時間: 91.45ms (実測: 365.34ms)
  スループット: 54.67K ops/sec

[DictSQLite-Fastest Beta版]
  平均時間: 98.80ms (実測: 395.66ms)
  スループット: 50.61K ops/sec

[テスト全体の実測時間: 38.795s]

[比較結果]
  Fastest vs Original: 104.10x 高速
  Beta vs Original: 96.36x 高速
  Beta vs Fastest: 0.93x 高速

  [最速] FASTEST

================================================================================
テスト: 混合操作 (1000件)
操作数: 1,000
================================================================================

[DictSQLite オリジナル版]
  平均時間: 1.077s (実測: 4.301s)
  スループット: 928.44 ops/sec

[DictSQLite-Fastest APSW版]
  平均時間: 43.20ms (実測: 175.05ms)
  スループット: 23.15K ops/sec

[DictSQLite-Fastest Beta版]
  平均時間: 7.74ms (実測: 32.86ms)
  スループット: 129.14K ops/sec

[テスト全体の実測時間: 4.510s]

[比較結果]
  Fastest vs Original: 24.93x 高速
  Beta vs Original: 139.10x 高速
  Beta vs Fastest: 5.58x 高速

  [最速] BETA

================================================================================
テスト: 混合操作 (5000件)
操作数: 5,000
================================================================================

[DictSQLite オリジナル版]
  平均時間: 6.537s (実測: 26.159s)
  スループット: 764.82 ops/sec

[DictSQLite-Fastest APSW版]
  平均時間: 198.94ms (実測: 799.09ms)
  スループット: 25.13K ops/sec

[DictSQLite-Fastest Beta版]
  平均時間: 31.41ms (実測: 127.69ms)
  スループット: 159.20K ops/sec

[テスト全体の実測時間: 27.086s]

[比較結果]
  Fastest vs Original: 32.86x 高速
  Beta vs Original: 208.15x 高速
  Beta vs Fastest: 6.33x 高速

  [最速] BETA

================================================================================
非同期テスト: 非同期書き込み (1000件)
操作数: 1,000
================================================================================

[AsyncDictSQLiteFastest]
  平均時間: 1.010s (実測: 4.042s)
  スループット: 989.62 ops/sec

[AsyncDictSQLiteFastestBeta]
  平均時間: 1.011s (実測: 4.043s)
  スループット: 989.34 ops/sec

[テスト全体の実測時間: 8.085s]

[比較結果]
  Fastest vs Beta: 1.00x 高速
  [最速] FASTEST

================================================================================
非同期テスト: 非同期書き込み (5000件)
操作数: 5,000
================================================================================

[AsyncDictSQLiteFastest]
  平均時間: 1.014s (実測: 4.055s)
  スループット: 4.93K ops/sec

[AsyncDictSQLiteFastestBeta]
  平均時間: 1.012s (実測: 4.047s)
  スループット: 4.94K ops/sec

[テスト全体の実測時間: 8.102s]

[比較結果]
  Beta vs Fastest: 1.00x 高速
  [最速] BETA

================================================================================
非同期テスト: 非同期バルク挿入 (1000件)
操作数: 1,000
================================================================================

[AsyncDictSQLiteFastest]
  平均時間: 1.012s (実測: 4.048s)
  スループット: 988.61 ops/sec

[AsyncDictSQLiteFastestBeta]
  平均時間: 1.011s (実測: 4.043s)
  スループット: 989.36 ops/sec

[テスト全体の実測時間: 8.091s]

[比較結果]
  Beta vs Fastest: 1.00x 高速
  [最速] BETA

================================================================================
非同期テスト: 非同期バルク挿入 (5000件)
操作数: 5,000
================================================================================

[AsyncDictSQLiteFastest]
  平均時間: 1.019s (実測: 4.078s)
  スループット: 4.90K ops/sec

[AsyncDictSQLiteFastestBeta]
  平均時間: 1.015s (実測: 4.061s)
  スループット: 4.92K ops/sec

[テスト全体の実測時間: 8.140s]

[比較結果]
  Beta vs Fastest: 1.00x 高速
  [最速] BETA

================================================================================
非同期テスト: 非同期バルク挿入 (10000件)
操作数: 10,000
================================================================================

[AsyncDictSQLiteFastest]
  平均時間: 1.029s (実測: 4.115s)
  スループット: 9.72K ops/sec

[AsyncDictSQLiteFastestBeta]
  平均時間: 1.022s (実測: 4.086s)
  スループット: 9.79K ops/sec

[テスト全体の実測時間: 8.202s]

[比較結果]
  Beta vs Fastest: 1.01x 高速
  [最速] BETA

================================================================================
非同期テスト: 非同期並行操作 (500件, 並行度10)
操作数: 500
================================================================================

[AsyncDictSQLiteFastest]
  平均時間: 1.011s (実測: 4.043s)
  スループット: 494.69 ops/sec

[AsyncDictSQLiteFastestBeta]
  平均時間: 1.011s (実測: 4.042s)
  スループット: 494.73 ops/sec

[テスト全体の実測時間: 8.086s]

[比較結果]
  Beta vs Fastest: 1.00x 高速
  [最速] BETA

================================================================================
非同期テスト: 非同期並行操作 (1000件, 並行度20)
操作数: 1,000
================================================================================

[AsyncDictSQLiteFastest]
  平均時間: 1.010s (実測: 4.042s)
  スループット: 989.82 ops/sec

[AsyncDictSQLiteFastestBeta]
  平均時間: 1.011s (実測: 4.043s)
  スループット: 989.44 ops/sec

[テスト全体の実測時間: 8.085s]

[比較結果]
  Fastest vs Beta: 1.00x 高速
  [最速] FASTEST

================================================================================
非同期テスト: 非同期並行操作 (2000件, 並行度50)
操作数: 2,000
================================================================================

[AsyncDictSQLiteFastest]
  平均時間: 1.011s (実測: 4.044s)
  スループット: 1.98K ops/sec

[AsyncDictSQLiteFastestBeta]
  平均時間: 1.011s (実測: 4.045s)
  スループット: 1.98K ops/sec

[テスト全体の実測時間: 8.090s]

[比較結果]
  Fastest vs Beta: 1.00x 高速
  [最速] FASTEST
