======================================================================
  🚀 DictSQLite 最適化ベンチマーク
======================================================================
  モード: FAST
  テスト対象:
    - DictSQLite (オリジナル版)
    - DictSQLiteV2 (v2.0版)
======================================================================

======================================================================
テスト: 基本書き込み (小) (サイズ: 100)
======================================================================
[Original]  時間: 74.45ms,  OPS: 1.34K ops/sec
[V2]        時間: 1.004s,  OPS: 99.63 ops/sec

V2 vs Original: 0.07x 高速
[最速] ORIGINAL

======================================================================
テスト: 基本書き込み (中) (サイズ: 500)
======================================================================
[Original]  時間: 360.87ms,  OPS: 1.39K ops/sec
[V2]        時間: 1.005s,  OPS: 497.40 ops/sec

V2 vs Original: 0.36x 高速
[最速] ORIGINAL

======================================================================
テスト: 基本読み込み (小) (サイズ: 100)
======================================================================
[Original]  時間: 6.49ms,  OPS: 15.40K ops/sec
[V2]        時間: 1.001s,  OPS: 99.90 ops/sec

V2 vs Original: 0.01x 高速
[最速] ORIGINAL

======================================================================
テスト: 基本読み込み (中) (サイズ: 500)
======================================================================
[Original]  時間: 32.57ms,  OPS: 15.35K ops/sec
[V2]        時間: 1.001s,  OPS: 499.43 ops/sec

V2 vs Original: 0.03x 高速
[最速] ORIGINAL

======================================================================
テスト: 混合操作 (小) (サイズ: 100)
======================================================================
[Original]  時間: 119.38ms,  OPS: 1.88K ops/sec
[V2]        時間: 1.003s,  OPS: 224.27 ops/sec

V2 vs Original: 0.12x 高速
[最速] ORIGINAL

======================================================================
非同期テスト開始
======================================================================

======================================================================
テスト: 非同期書き込み (中) (サイズ: 500)
======================================================================
[V2 Async]  エラー: Async ultra-fast version not yet implemented. Use sync version with asyncio.to_thread()

結果をCSVに保存: /home/runner/work/DictSQLite/DictSQLite/others/benchmark/results/benchmark_20251006_154904.csv
結果をJSONに保存: /home/runner/work/DictSQLite/DictSQLite/others/benchmark/results/benchmark_20251006_154904.json