
================================================================================
テスト: 基本書き込み (100件)
================================================================================

[Original]  時間: 70.18ms,  OPS: 1.42K ops/sec
[Fastest]   時間: 5.55ms,  OPS: 18.02K ops/sec
[Beta]      時間: 4.29ms,  OPS: 23.30K ops/sec

Fastest vs Original: 12.65x
Beta vs Original:    16.35x
Beta vs Fastest:     1.29x

[最速] BETA

================================================================================
テスト: 基本書き込み (1,000件)
================================================================================

[Original]  時間: 667.00ms,  OPS: 1.50K ops/sec
[Fastest]   時間: 21.95ms,  OPS: 45.56K ops/sec
[Beta]      時間: 6.84ms,  OPS: 146.30K ops/sec

Fastest vs Original: 30.39x
Beta vs Original:    97.58x
Beta vs Fastest:     3.21x

[最速] BETA

================================================================================
テスト: 基本書き込み (5,000件)
================================================================================

[Original]  時間: 3.383s,  OPS: 1.48K ops/sec
[Fastest]   時間: 89.60ms,  OPS: 55.80K ops/sec
[Beta]      時間: 22.04ms,  OPS: 226.87K ops/sec

Fastest vs Original: 37.75x
Beta vs Original:    153.49x
Beta vs Fastest:     4.07x

[最速] BETA

================================================================================
テスト: 基本読み込み (100件)
================================================================================

[Original]  時間: 7.50ms,  OPS: 13.33K ops/sec
[Fastest]   時間: 3.22ms,  OPS: 31.07K ops/sec
[Beta]      時間: 3.77ms,  OPS: 26.53K ops/sec

Fastest vs Original: 2.33x
Beta vs Original:    1.99x
Beta vs Fastest:     0.85x

[最速] FASTEST

================================================================================
テスト: 基本読み込み (1,000件)
================================================================================

[Original]  時間: 88.54ms,  OPS: 11.29K ops/sec
[Fastest]   時間: 16.32ms,  OPS: 61.27K ops/sec
[Beta]      時間: 19.04ms,  OPS: 52.53K ops/sec

Fastest vs Original: 5.42x
Beta vs Original:    4.65x
Beta vs Fastest:     0.86x

[最速] FASTEST

================================================================================
テスト: 基本読み込み (5,000件)
================================================================================

[Original]  時間: 428.21ms,  OPS: 11.68K ops/sec
[Fastest]   時間: 71.86ms,  OPS: 69.58K ops/sec
[Beta]      時間: 87.88ms,  OPS: 56.90K ops/sec

Fastest vs Original: 5.96x
Beta vs Original:    4.87x
Beta vs Fastest:     0.82x

[最速] FASTEST

================================================================================
テスト: バルク挿入 (1,000件)
================================================================================

[Original]  時間: 735.73ms,  OPS: 1.36K ops/sec
[Fastest]   時間: 5.84ms,  OPS: 171.36K ops/sec
[Beta]      時間: 6.04ms,  OPS: 165.52K ops/sec

Fastest vs Original: 126.07x
Beta vs Original:    121.78x
Beta vs Fastest:     0.97x

[最速] FASTEST

================================================================================
テスト: バルク挿入 (5,000件)
================================================================================

[Original]  時間: 3.466s,  OPS: 1.44K ops/sec
[Fastest]   時間: 17.43ms,  OPS: 286.85K ops/sec
[Beta]      時間: 17.48ms,  OPS: 286.02K ops/sec

Fastest vs Original: 198.82x
Beta vs Original:    198.24x
Beta vs Fastest:     1.00x

[最速] FASTEST

================================================================================
テスト: バルク挿入 (10,000件)
================================================================================

[Original]  時間: 6.702s,  OPS: 1.49K ops/sec
[Fastest]   時間: 31.73ms,  OPS: 315.20K ops/sec
[Beta]      時間: 31.85ms,  OPS: 313.98K ops/sec

Fastest vs Original: 211.26x
Beta vs Original:    210.44x
Beta vs Fastest:     1.00x

[最速] FASTEST

================================================================================
テスト: 非同期書き込み (100件)
================================================================================

[Fastest]   時間: 158.23ms,  OPS: 632.00 ops/sec
[Beta]      時間: 1.006s,  OPS: 99.44 ops/sec

Beta vs Fastest: 0.16x
[最速] FASTEST

================================================================================
テスト: 非同期書き込み (1,000件)
================================================================================

[Fastest]   時間: 1.567s,  OPS: 638.18 ops/sec
[Beta]      時間: 1.006s,  OPS: 993.91 ops/sec

Beta vs Fastest: 1.56x
[最速] BETA

================================================================================
テスト: 非同期書き込み (5,000件)
================================================================================

[Fastest]   時間: 7.935s,  OPS: 630.15 ops/sec
[Beta]      時間: 1.008s,  OPS: 4.96K ops/sec

Beta vs Fastest: 7.87x
[最速] BETA

結果をCSVに保存: /home/runner/work/DictSQLite/DictSQLite/others/benchmark/results/benchmark_20251004_103609.csv
結果をJSONに保存: /home/runner/work/DictSQLite/DictSQLite/others/benchmark/results/benchmark_20251004_103609.json