
================================================================================
テスト: 基本書き込み (100件)
================================================================================

[Original]  時間: 101.88ms,  OPS: 981.57 ops/sec
[Fastest]   時間: 6.53ms,  OPS: 15.31K ops/sec
[Beta]      時間: 4.79ms,  OPS: 20.88K ops/sec

Fastest vs Original: 15.60x
Beta vs Original:    21.27x
Beta vs Fastest:     1.36x

[最速] BETA

================================================================================
テスト: 基本書き込み (1,000件)
================================================================================

[Original]  時間: 1.249s,  OPS: 800.35 ops/sec
[Fastest]   時間: 24.20ms,  OPS: 41.32K ops/sec
[Beta]      時間: 9.95ms,  OPS: 100.48K ops/sec

Fastest vs Original: 51.63x
Beta vs Original:    125.54x
Beta vs Fastest:     2.43x

[最速] BETA

================================================================================
テスト: 基本書き込み (5,000件)
================================================================================

[Original]  時間: 5.534s,  OPS: 903.49 ops/sec
[Fastest]   時間: 98.91ms,  OPS: 50.55K ops/sec
[Beta]      時間: 27.10ms,  OPS: 184.47K ops/sec

Fastest vs Original: 55.95x
Beta vs Original:    204.17x
Beta vs Fastest:     3.65x

[最速] BETA

================================================================================
テスト: 基本読み込み (100件)
================================================================================

[Original]  時間: 7.36ms,  OPS: 13.58K ops/sec
[Fastest]   時間: 4.27ms,  OPS: 23.42K ops/sec
[Beta]      時間: 5.97ms,  OPS: 16.76K ops/sec

Fastest vs Original: 1.72x
Beta vs Original:    1.23x
Beta vs Fastest:     0.72x

[最速] FASTEST

================================================================================
テスト: 基本読み込み (1,000件)
================================================================================

[Original]  時間: 75.35ms,  OPS: 13.27K ops/sec
[Fastest]   時間: 17.57ms,  OPS: 56.91K ops/sec
[Beta]      時間: 20.69ms,  OPS: 48.33K ops/sec

Fastest vs Original: 4.29x
Beta vs Original:    3.64x
Beta vs Fastest:     0.85x

[最速] FASTEST

================================================================================
テスト: 基本読み込み (5,000件)
================================================================================

[Original]  時間: 393.76ms,  OPS: 12.70K ops/sec
[Fastest]   時間: 77.45ms,  OPS: 64.56K ops/sec
[Beta]      時間: 92.50ms,  OPS: 54.05K ops/sec

Fastest vs Original: 5.08x
Beta vs Original:    4.26x
Beta vs Fastest:     0.84x

[最速] FASTEST

================================================================================
テスト: バルク挿入 (1,000件)
================================================================================

[Original]  時間: 1.291s,  OPS: 774.68 ops/sec
[Fastest]   時間: 7.77ms,  OPS: 128.72K ops/sec
[Beta]      時間: 8.49ms,  OPS: 117.84K ops/sec

Fastest vs Original: 166.16x
Beta vs Original:    152.11x
Beta vs Fastest:     0.92x

[最速] FASTEST

================================================================================
テスト: バルク挿入 (5,000件)
================================================================================

[Original]  時間: 5.562s,  OPS: 898.97 ops/sec
[Fastest]   時間: 18.33ms,  OPS: 272.73K ops/sec
[Beta]      時間: 18.41ms,  OPS: 271.64K ops/sec

Fastest vs Original: 303.38x
Beta vs Original:    302.17x
Beta vs Fastest:     1.00x

[最速] FASTEST

================================================================================
テスト: バルク挿入 (10,000件)
================================================================================

[Original]  時間: 10.356s,  OPS: 965.64 ops/sec
[Fastest]   時間: 33.22ms,  OPS: 301.02K ops/sec
[Beta]      時間: 33.36ms,  OPS: 299.75K ops/sec

Fastest vs Original: 311.73x
Beta vs Original:    310.42x
Beta vs Fastest:     1.00x

[最速] FASTEST

================================================================================
テスト: 非同期書き込み (100件)
================================================================================

[Fastest]   時間: 211.36ms,  OPS: 473.12 ops/sec
[Beta]      時間: 1.007s,  OPS: 99.34 ops/sec

Beta vs Fastest: 0.21x
[最速] FASTEST

================================================================================
テスト: 非同期書き込み (1,000件)
================================================================================

[Fastest]   時間: 2.641s,  OPS: 378.59 ops/sec
[Beta]      時間: 1.009s,  OPS: 991.37 ops/sec

Beta vs Fastest: 2.62x
[最速] BETA

================================================================================
テスト: 非同期書き込み (5,000件)
================================================================================

[Fastest]   時間: 14.855s,  OPS: 336.60 ops/sec
[Beta]      時間: 1.010s,  OPS: 4.95K ops/sec

Beta vs Fastest: 14.71x
[最速] BETA

結果をCSVに保存: /home/runner/work/DictSQLite/DictSQLite/others/benchmark/results/benchmark_20251004_111820.csv
結果をJSONに保存: /home/runner/work/DictSQLite/DictSQLite/others/benchmark/results/benchmark_20251004_111820.json