
================================================================================
テスト: 基本書き込み (100件)
================================================================================

[Original]  時間: 113.08ms,  OPS: 884.36 ops/sec
[Fastest]   時間: 8.44ms,  OPS: 11.85K ops/sec
[Beta]      時間: 5.30ms,  OPS: 18.88K ops/sec

Fastest vs Original: 13.40x
Beta vs Original:    21.35x
Beta vs Fastest:     1.59x

[最速] BETA

================================================================================
テスト: 基本書き込み (1,000件)
================================================================================

[Original]  時間: 1.136s,  OPS: 880.54 ops/sec
[Fastest]   時間: 25.67ms,  OPS: 38.96K ops/sec
[Beta]      時間: 9.63ms,  OPS: 103.85K ops/sec

Fastest vs Original: 44.24x
Beta vs Original:    117.94x
Beta vs Fastest:     2.67x

[最速] BETA

================================================================================
テスト: 基本書き込み (5,000件)
================================================================================

[Original]  時間: 5.882s,  OPS: 850.11 ops/sec
[Fastest]   時間: 97.22ms,  OPS: 51.43K ops/sec
[Beta]      時間: 22.88ms,  OPS: 218.56K ops/sec

Fastest vs Original: 60.50x
Beta vs Original:    257.09x
Beta vs Fastest:     4.25x

[最速] BETA

================================================================================
テスト: 基本読み込み (100件)
================================================================================

[Original]  時間: 6.51ms,  OPS: 15.36K ops/sec
[Fastest]   時間: 3.43ms,  OPS: 29.16K ops/sec
[Beta]      時間: 5.39ms,  OPS: 18.54K ops/sec

Fastest vs Original: 1.90x
Beta vs Original:    1.21x
Beta vs Fastest:     0.64x

[最速] FASTEST

================================================================================
テスト: 基本読み込み (1,000件)
================================================================================

[Original]  時間: 68.05ms,  OPS: 14.70K ops/sec
[Fastest]   時間: 15.92ms,  OPS: 62.83K ops/sec
[Beta]      時間: 32.93ms,  OPS: 30.37K ops/sec

Fastest vs Original: 4.28x
Beta vs Original:    2.07x
Beta vs Fastest:     0.48x

[最速] FASTEST

================================================================================
テスト: 基本読み込み (5,000件)
================================================================================

[Original]  時間: 392.35ms,  OPS: 12.74K ops/sec
[Fastest]   時間: 69.39ms,  OPS: 72.06K ops/sec
[Beta]      時間: 154.19ms,  OPS: 32.43K ops/sec

Fastest vs Original: 5.65x
Beta vs Original:    2.54x
Beta vs Fastest:     0.45x

[最速] FASTEST

================================================================================
テスト: バルク挿入 (1,000件)
================================================================================

[Original]  時間: 1.195s,  OPS: 837.02 ops/sec
[Fastest]   時間: 7.29ms,  OPS: 137.20K ops/sec
[Beta]      時間: 8.40ms,  OPS: 119.07K ops/sec

Fastest vs Original: 163.91x
Beta vs Original:    142.25x
Beta vs Fastest:     0.87x

[最速] FASTEST

================================================================================
テスト: バルク挿入 (5,000件)
================================================================================

[Original]  時間: 5.978s,  OPS: 836.37 ops/sec
[Fastest]   時間: 20.83ms,  OPS: 240.04K ops/sec
[Beta]      時間: 20.58ms,  OPS: 242.90K ops/sec

Fastest vs Original: 287.00x
Beta vs Original:    290.42x
Beta vs Fastest:     1.01x

[最速] BETA

================================================================================
テスト: バルク挿入 (10,000件)
================================================================================

[Original]  時間: 11.467s,  OPS: 872.05 ops/sec
[Fastest]   時間: 34.31ms,  OPS: 291.45K ops/sec
[Beta]      時間: 34.34ms,  OPS: 291.25K ops/sec

Fastest vs Original: 334.22x
Beta vs Original:    333.98x
Beta vs Fastest:     1.00x

[最速] FASTEST

================================================================================
テスト: 非同期書き込み (100件)
================================================================================

[Fastest]   時間: 1.010s,  OPS: 99.00 ops/sec
[Beta]      時間: 3.011s,  OPS: 33.21 ops/sec

Beta vs Fastest: 0.34x
[最速] FASTEST

================================================================================
テスト: 非同期書き込み (1,000件)
================================================================================

[Fastest]   時間: 1.012s,  OPS: 988.18 ops/sec
[Beta]      時間: 3.014s,  OPS: 331.82 ops/sec

Beta vs Fastest: 0.34x
[最速] FASTEST

================================================================================
テスト: 非同期書き込み (5,000件)
================================================================================

[Fastest]   時間: 1.012s,  OPS: 4.94K ops/sec
[Beta]      時間: 3.014s,  OPS: 1.66K ops/sec

Beta vs Fastest: 0.34x
[最速] FASTEST

結果をCSVに保存: /home/runner/work/DictSQLite/DictSQLite/others/benchmark/results/benchmark_20251007_025237.csv
結果をJSONに保存: /home/runner/work/DictSQLite/DictSQLite/others/benchmark/results/benchmark_20251007_025237.json