
================================================================================
テスト: 基本書き込み (100件)
================================================================================

[Original]  時間: 92.93ms,  OPS: 1.08K ops/sec
[Fastest]   時間: 7.26ms,  OPS: 13.78K ops/sec
[Beta]      時間: 5.01ms,  OPS: 19.98K ops/sec

Fastest vs Original: 12.81x
Beta vs Original:    18.57x
Beta vs Fastest:     1.45x

[最速] BETA

================================================================================
テスト: 基本書き込み (1,000件)
================================================================================

[Original]  時間: 1.026s,  OPS: 975.12 ops/sec
[Fastest]   時間: 22.50ms,  OPS: 44.45K ops/sec
[Beta]      時間: 7.62ms,  OPS: 131.20K ops/sec

Fastest vs Original: 45.58x
Beta vs Original:    134.55x
Beta vs Fastest:     2.95x

[最速] BETA

================================================================================
テスト: 基本書き込み (5,000件)
================================================================================

[Original]  時間: 5.333s,  OPS: 937.51 ops/sec
[Fastest]   時間: 99.66ms,  OPS: 50.17K ops/sec
[Beta]      時間: 23.73ms,  OPS: 210.73K ops/sec

Fastest vs Original: 53.52x
Beta vs Original:    224.78x
Beta vs Fastest:     4.20x

[最速] BETA

================================================================================
テスト: 基本読み込み (100件)
================================================================================

[Original]  時間: 7.38ms,  OPS: 13.55K ops/sec
[Fastest]   時間: 3.99ms,  OPS: 25.07K ops/sec
[Beta]      時間: 6.24ms,  OPS: 16.02K ops/sec

Fastest vs Original: 1.85x
Beta vs Original:    1.18x
Beta vs Fastest:     0.64x

[最速] FASTEST

================================================================================
テスト: 基本読み込み (1,000件)
================================================================================

[Original]  時間: 81.83ms,  OPS: 12.22K ops/sec
[Fastest]   時間: 16.91ms,  OPS: 59.14K ops/sec
[Beta]      時間: 36.68ms,  OPS: 27.26K ops/sec

Fastest vs Original: 4.84x
Beta vs Original:    2.23x
Beta vs Fastest:     0.46x

[最速] FASTEST

================================================================================
テスト: 基本読み込み (5,000件)
================================================================================

[Original]  時間: 392.55ms,  OPS: 12.74K ops/sec
[Fastest]   時間: 74.44ms,  OPS: 67.17K ops/sec
[Beta]      時間: 171.78ms,  OPS: 29.11K ops/sec

Fastest vs Original: 5.27x
Beta vs Original:    2.29x
Beta vs Fastest:     0.43x

[最速] FASTEST

================================================================================
テスト: バルク挿入 (1,000件)
================================================================================

[Original]  時間: 786.80ms,  OPS: 1.27K ops/sec
[Fastest]   時間: 6.31ms,  OPS: 158.43K ops/sec
[Beta]      時間: 6.63ms,  OPS: 150.94K ops/sec

Fastest vs Original: 124.65x
Beta vs Original:    118.76x
Beta vs Fastest:     0.95x

[最速] FASTEST

================================================================================
テスト: バルク挿入 (5,000件)
================================================================================

[Original]  時間: 5.163s,  OPS: 968.48 ops/sec
[Fastest]   時間: 20.61ms,  OPS: 242.66K ops/sec
[Beta]      時間: 20.71ms,  OPS: 241.44K ops/sec

Fastest vs Original: 250.56x
Beta vs Original:    249.30x
Beta vs Fastest:     0.99x

[最速] FASTEST

================================================================================
テスト: バルク挿入 (10,000件)
================================================================================

[Original]  時間: 10.622s,  OPS: 941.40 ops/sec
[Fastest]   時間: 34.23ms,  OPS: 292.18K ops/sec
[Beta]      時間: 35.05ms,  OPS: 285.28K ops/sec

Fastest vs Original: 310.37x
Beta vs Original:    303.04x
Beta vs Fastest:     0.98x

[最速] FASTEST

================================================================================
テスト: 非同期書き込み (100件)
================================================================================

[Fastest]   時間: 1.011s,  OPS: 98.94 ops/sec
[Beta]      時間: 1.010s,  OPS: 98.97 ops/sec

Beta vs Fastest: 1.00x
[最速] BETA

================================================================================
テスト: 非同期書き込み (1,000件)
================================================================================

[Fastest]   時間: 1.011s,  OPS: 988.95 ops/sec
[Beta]      時間: 1.011s,  OPS: 989.12 ops/sec

Beta vs Fastest: 1.00x
[最速] BETA

================================================================================
テスト: 非同期書き込み (5,000件)
================================================================================

[Fastest]   時間: 1.013s,  OPS: 4.94K ops/sec
[Beta]      時間: 1.013s,  OPS: 4.94K ops/sec

Beta vs Fastest: 1.00x
[最速] BETA

結果をCSVに保存: /home/runner/work/DictSQLite/DictSQLite/others/benchmark/results/benchmark_20251005_142359.csv
結果をJSONに保存: /home/runner/work/DictSQLite/DictSQLite/others/benchmark/results/benchmark_20251005_142359.json