
================================================================================
テスト: 基本書き込み (100件)
================================================================================

[Original]  時間: 132.06ms,  OPS: 757.23 ops/sec
[Fastest]   時間: 8.28ms,  OPS: 12.07K ops/sec
[Beta]      時間: 6.06ms,  OPS: 16.50K ops/sec

Fastest vs Original: 15.94x
Beta vs Original:    21.79x
Beta vs Fastest:     1.37x

[最速] BETA

================================================================================
テスト: 基本書き込み (1,000件)
================================================================================

[Original]  時間: 1.186s,  OPS: 843.23 ops/sec
[Fastest]   時間: 23.37ms,  OPS: 42.78K ops/sec
[Beta]      時間: 8.51ms,  OPS: 117.52K ops/sec

Fastest vs Original: 50.74x
Beta vs Original:    139.37x
Beta vs Fastest:     2.75x

[最速] BETA

================================================================================
テスト: 基本書き込み (5,000件)
================================================================================

[Original]  時間: 5.734s,  OPS: 871.94 ops/sec
[Fastest]   時間: 98.75ms,  OPS: 50.63K ops/sec
[Beta]      時間: 23.23ms,  OPS: 215.27K ops/sec

Fastest vs Original: 58.07x
Beta vs Original:    246.89x
Beta vs Fastest:     4.25x

[最速] BETA

================================================================================
テスト: 基本読み込み (100件)
================================================================================

[Original]  時間: 6.63ms,  OPS: 15.07K ops/sec
[Fastest]   時間: 3.63ms,  OPS: 27.55K ops/sec
[Beta]      時間: 5.23ms,  OPS: 19.13K ops/sec

Fastest vs Original: 1.83x
Beta vs Original:    1.27x
Beta vs Fastest:     0.69x

[最速] FASTEST

================================================================================
テスト: 基本読み込み (1,000件)
================================================================================

[Original]  時間: 68.71ms,  OPS: 14.55K ops/sec
[Fastest]   時間: 16.01ms,  OPS: 62.48K ops/sec
[Beta]      時間: 34.06ms,  OPS: 29.36K ops/sec

Fastest vs Original: 4.29x
Beta vs Original:    2.02x
Beta vs Fastest:     0.47x

[最速] FASTEST

================================================================================
テスト: 基本読み込み (5,000件)
================================================================================

[Original]  時間: 372.13ms,  OPS: 13.44K ops/sec
[Fastest]   時間: 69.54ms,  OPS: 71.90K ops/sec
[Beta]      時間: 152.60ms,  OPS: 32.76K ops/sec

Fastest vs Original: 5.35x
Beta vs Original:    2.44x
Beta vs Fastest:     0.46x

[最速] FASTEST

================================================================================
テスト: バルク挿入 (1,000件)
================================================================================

[Original]  時間: 1.206s,  OPS: 829.42 ops/sec
[Fastest]   時間: 6.54ms,  OPS: 152.90K ops/sec
[Beta]      時間: 7.64ms,  OPS: 130.91K ops/sec

Fastest vs Original: 184.35x
Beta vs Original:    157.84x
Beta vs Fastest:     0.86x

[最速] FASTEST

================================================================================
テスト: バルク挿入 (5,000件)
================================================================================

[Original]  時間: 5.833s,  OPS: 857.15 ops/sec
[Fastest]   時間: 19.77ms,  OPS: 252.86K ops/sec
[Beta]      時間: 19.44ms,  OPS: 257.16K ops/sec

Fastest vs Original: 295.00x
Beta vs Original:    300.01x
Beta vs Fastest:     1.02x

[最速] BETA

================================================================================
テスト: バルク挿入 (10,000件)
================================================================================

[Original]  時間: 12.245s,  OPS: 816.69 ops/sec
[Fastest]   時間: 35.55ms,  OPS: 281.26K ops/sec
[Beta]      時間: 35.30ms,  OPS: 283.29K ops/sec

Fastest vs Original: 344.39x
Beta vs Original:    346.87x
Beta vs Fastest:     1.01x

[最速] BETA

================================================================================
テスト: 非同期書き込み (100件)
================================================================================

[Fastest]   時間: 1.010s,  OPS: 98.97 ops/sec
[Beta]      時間: 1.011s,  OPS: 98.90 ops/sec

Beta vs Fastest: 1.00x
[最速] FASTEST

================================================================================
テスト: 非同期書き込み (1,000件)
================================================================================

[Fastest]   時間: 1.012s,  OPS: 988.37 ops/sec
[Beta]      時間: 1.011s,  OPS: 989.25 ops/sec

Beta vs Fastest: 1.00x
[最速] BETA

================================================================================
テスト: 非同期書き込み (5,000件)
================================================================================

[Fastest]   時間: 1.013s,  OPS: 4.93K ops/sec
[Beta]      時間: 1.015s,  OPS: 4.93K ops/sec

Beta vs Fastest: 1.00x
[最速] FASTEST

結果をCSVに保存: /home/runner/work/DictSQLite/DictSQLite/others/benchmark/results/benchmark_20251007_025040.csv
結果をJSONに保存: /home/runner/work/DictSQLite/DictSQLite/others/benchmark/results/benchmark_20251007_025040.json