
================================================================================
テスト: 基本書き込み (100件)
================================================================================

[Original]  時間: 106.60ms,  OPS: 938.11 ops/sec
[Fastest]   時間: 6.49ms,  OPS: 15.40K ops/sec
[Beta]      時間: 4.80ms,  OPS: 20.84K ops/sec

Fastest vs Original: 16.41x
Beta vs Original:    22.22x
Beta vs Fastest:     1.35x

[最速] BETA

================================================================================
テスト: 基本書き込み (1,000件)
================================================================================

[Original]  時間: 902.21ms,  OPS: 1.11K ops/sec
[Fastest]   時間: 22.62ms,  OPS: 44.21K ops/sec
[Beta]      時間: 7.43ms,  OPS: 134.66K ops/sec

Fastest vs Original: 39.89x
Beta vs Original:    121.49x
Beta vs Fastest:     3.05x

[最速] BETA

================================================================================
テスト: 基本書き込み (5,000件)
================================================================================

[Original]  時間: 4.574s,  OPS: 1.09K ops/sec
[Fastest]   時間: 92.90ms,  OPS: 53.82K ops/sec
[Beta]      時間: 22.64ms,  OPS: 220.84K ops/sec

Fastest vs Original: 49.23x
Beta vs Original:    202.01x
Beta vs Fastest:     4.10x

[最速] BETA

================================================================================
テスト: 基本読み込み (100件)
================================================================================

[Original]  時間: 8.08ms,  OPS: 12.38K ops/sec
[Fastest]   時間: 4.47ms,  OPS: 22.35K ops/sec
[Beta]      時間: 5.75ms,  OPS: 17.40K ops/sec

Fastest vs Original: 1.81x
Beta vs Original:    1.41x
Beta vs Fastest:     0.78x

[最速] FASTEST

================================================================================
テスト: 基本読み込み (1,000件)
================================================================================

[Original]  時間: 78.44ms,  OPS: 12.75K ops/sec
[Fastest]   時間: 16.65ms,  OPS: 60.06K ops/sec
[Beta]      時間: 36.55ms,  OPS: 27.36K ops/sec

Fastest vs Original: 4.71x
Beta vs Original:    2.15x
Beta vs Fastest:     0.46x

[最速] FASTEST

================================================================================
テスト: 基本読み込み (5,000件)
================================================================================

[Original]  時間: 417.53ms,  OPS: 11.98K ops/sec
[Fastest]   時間: 72.89ms,  OPS: 68.60K ops/sec
[Beta]      時間: 173.55ms,  OPS: 28.81K ops/sec

Fastest vs Original: 5.73x
Beta vs Original:    2.41x
Beta vs Fastest:     0.42x

[最速] FASTEST

================================================================================
テスト: バルク挿入 (1,000件)
================================================================================

[Original]  時間: 905.00ms,  OPS: 1.10K ops/sec
[Fastest]   時間: 6.86ms,  OPS: 145.83K ops/sec
[Beta]      時間: 6.78ms,  OPS: 147.50K ops/sec

Fastest vs Original: 131.97x
Beta vs Original:    133.49x
Beta vs Fastest:     1.01x

[最速] BETA

================================================================================
テスト: バルク挿入 (5,000件)
================================================================================

[Original]  時間: 4.578s,  OPS: 1.09K ops/sec
[Fastest]   時間: 18.62ms,  OPS: 268.47K ops/sec
[Beta]      時間: 20.51ms,  OPS: 243.79K ops/sec

Fastest vs Original: 245.79x
Beta vs Original:    223.19x
Beta vs Fastest:     0.91x

[最速] FASTEST

================================================================================
テスト: バルク挿入 (10,000件)
================================================================================

[Original]  時間: 9.022s,  OPS: 1.11K ops/sec
[Fastest]   時間: 32.46ms,  OPS: 308.08K ops/sec
[Beta]      時間: 32.78ms,  OPS: 305.02K ops/sec

Fastest vs Original: 277.96x
Beta vs Original:    275.20x
Beta vs Fastest:     0.99x

[最速] FASTEST

================================================================================
テスト: 非同期書き込み (100件)
================================================================================

[Fastest]   時間: 1.012s,  OPS: 98.83 ops/sec
[Beta]      時間: 1.010s,  OPS: 99.00 ops/sec

Beta vs Fastest: 1.00x
[最速] BETA

================================================================================
テスト: 非同期書き込み (1,000件)
================================================================================

[Fastest]   時間: 1.011s,  OPS: 989.22 ops/sec
[Beta]      時間: 1.010s,  OPS: 989.79 ops/sec

Beta vs Fastest: 1.00x
[最速] BETA

================================================================================
テスト: 非同期書き込み (5,000件)
================================================================================

[Fastest]   時間: 1.012s,  OPS: 4.94K ops/sec
[Beta]      時間: 1.013s,  OPS: 4.94K ops/sec

Beta vs Fastest: 1.00x
[最速] FASTEST

結果をCSVに保存: /home/runner/work/DictSQLite/DictSQLite/others/benchmark/results/benchmark_20251006_130230.csv
結果をJSONに保存: /home/runner/work/DictSQLite/DictSQLite/others/benchmark/results/benchmark_20251006_130230.json