
================================================================================
テスト: 基本書き込み (100件)
================================================================================

[Original]  時間: 67.70ms,  OPS: 1.48K ops/sec
[Fastest]   エラー: no such table: main
[Beta]      時間: 3.80ms,  OPS: 26.30K ops/sec
Beta vs Original:    17.81x

[最速] BETA

================================================================================
テスト: 基本書き込み (1,000件)
================================================================================

[Original]  時間: 714.48ms,  OPS: 1.40K ops/sec
[Fastest]   エラー: no such table: main
[Beta]      時間: 5.65ms,  OPS: 177.14K ops/sec
Beta vs Original:    126.56x

[最速] BETA

================================================================================
テスト: 基本書き込み (5,000件)
================================================================================

[Original]  時間: 3.446s,  OPS: 1.45K ops/sec
[Fastest]   エラー: no such table: main
[Beta]      時間: 13.32ms,  OPS: 375.41K ops/sec
Beta vs Original:    258.71x

[最速] BETA

================================================================================
テスト: 基本読み込み (100件)
================================================================================

[Original]  時間: 7.56ms,  OPS: 13.23K ops/sec
[Fastest]   時間: 3.73ms,  OPS: 26.82K ops/sec
[Beta]      時間: 4.00ms,  OPS: 25.02K ops/sec

Fastest vs Original: 2.03x
Beta vs Original:    1.89x
Beta vs Fastest:     0.93x

[最速] FASTEST

================================================================================
テスト: 基本読み込み (1,000件)
================================================================================

[Original]  時間: 76.17ms,  OPS: 13.13K ops/sec
[Fastest]   時間: 19.59ms,  OPS: 51.05K ops/sec
[Beta]      時間: 21.57ms,  OPS: 46.36K ops/sec

Fastest vs Original: 3.89x
Beta vs Original:    3.53x
Beta vs Fastest:     0.91x

[最速] FASTEST

================================================================================
テスト: 基本読み込み (5,000件)
================================================================================

[Original]  時間: 411.13ms,  OPS: 12.16K ops/sec
[Fastest]   時間: 90.63ms,  OPS: 55.17K ops/sec
[Beta]      時間: 101.65ms,  OPS: 49.19K ops/sec

Fastest vs Original: 4.54x
Beta vs Original:    4.04x
Beta vs Fastest:     0.89x

[最速] FASTEST

================================================================================
テスト: バルク挿入 (1,000件)
================================================================================

[Original]  時間: 697.73ms,  OPS: 1.43K ops/sec

[最速] ORIGINAL

================================================================================
テスト: バルク挿入 (5,000件)
================================================================================

[Original]  時間: 3.456s,  OPS: 1.45K ops/sec

[最速] ORIGINAL

================================================================================
テスト: バルク挿入 (10,000件)
================================================================================

[Original]  時間: 6.677s,  OPS: 1.50K ops/sec

[最速] ORIGINAL

================================================================================
テスト: 非同期書き込み (100件)
================================================================================

[Fastest]   エラー: no such table: main
[Beta]      時間: 12.45ms,  OPS: 8.03K ops/sec

================================================================================
テスト: 非同期書き込み (1,000件)
================================================================================

[Fastest]   エラー: no such table: main
[Beta]      時間: 95.43ms,  OPS: 10.48K ops/sec

================================================================================
テスト: 非同期書き込み (5,000件)
================================================================================

[Fastest]   エラー: no such table: main
[Beta]      時間: 505.75ms,  OPS: 9.89K ops/sec

結果をCSVに保存: /home/runner/work/DictSQLite/DictSQLite/others/benchmark/results/benchmark_20251004_061710.csv
結果をJSONに保存: /home/runner/work/DictSQLite/DictSQLite/others/benchmark/results/benchmark_20251004_061710.json