
================================================================================
テスト: 基本書き込み (100件)
================================================================================

[Original]  時間: 148.05ms,  OPS: 675.46 ops/sec
[Fastest]   時間: 8.86ms,  OPS: 11.29K ops/sec
[Beta]      時間: 6.70ms,  OPS: 14.93K ops/sec

Fastest vs Original: 16.71x
Beta vs Original:    22.11x
Beta vs Fastest:     1.32x

[最速] BETA

================================================================================
テスト: 基本書き込み (1,000件)
================================================================================

[Original]  時間: 1.490s,  OPS: 671.29 ops/sec
[Fastest]   時間: 26.68ms,  OPS: 37.48K ops/sec
[Beta]      時間: 9.74ms,  OPS: 102.63K ops/sec

Fastest vs Original: 55.83x
Beta vs Original:    152.89x
Beta vs Fastest:     2.74x

[最速] BETA

================================================================================
テスト: 基本書き込み (5,000件)
================================================================================

[Original]  時間: 7.251s,  OPS: 689.60 ops/sec
[Fastest]   時間: 110.98ms,  OPS: 45.05K ops/sec
[Beta]      時間: 26.68ms,  OPS: 187.42K ops/sec

Fastest vs Original: 65.33x
Beta vs Original:    271.77x
Beta vs Fastest:     4.16x

[最速] BETA

================================================================================
テスト: 基本読み込み (100件)
================================================================================

[Original]  時間: 8.17ms,  OPS: 12.25K ops/sec
[Fastest]   時間: 3.78ms,  OPS: 26.43K ops/sec
[Beta]      時間: 4.97ms,  OPS: 20.10K ops/sec

Fastest vs Original: 2.16x
Beta vs Original:    1.64x
Beta vs Fastest:     0.76x

[最速] FASTEST

================================================================================
テスト: 基本読み込み (1,000件)
================================================================================

[Original]  時間: 79.81ms,  OPS: 12.53K ops/sec
[Fastest]   時間: 18.74ms,  OPS: 53.35K ops/sec
[Beta]      時間: 21.45ms,  OPS: 46.62K ops/sec

Fastest vs Original: 4.26x
Beta vs Original:    3.72x
Beta vs Fastest:     0.87x

[最速] FASTEST

================================================================================
テスト: 基本読み込み (5,000件)
================================================================================

[Original]  時間: 437.64ms,  OPS: 11.42K ops/sec
[Fastest]   時間: 75.98ms,  OPS: 65.80K ops/sec
[Beta]      時間: 91.72ms,  OPS: 54.51K ops/sec

Fastest vs Original: 5.76x
Beta vs Original:    4.77x
Beta vs Fastest:     0.83x

[最速] FASTEST

================================================================================
テスト: バルク挿入 (1,000件)
================================================================================

[Original]  時間: 1.778s,  OPS: 562.42 ops/sec
[Fastest]   時間: 9.48ms,  OPS: 105.52K ops/sec
[Beta]      時間: 10.36ms,  OPS: 96.48K ops/sec

Fastest vs Original: 187.62x
Beta vs Original:    171.55x
Beta vs Fastest:     0.91x

[最速] FASTEST

================================================================================
テスト: バルク挿入 (5,000件)
================================================================================

[Original]  時間: 7.727s,  OPS: 647.05 ops/sec
[Fastest]   時間: 21.69ms,  OPS: 230.51K ops/sec
[Beta]      時間: 21.54ms,  OPS: 232.08K ops/sec

Fastest vs Original: 356.25x
Beta vs Original:    358.68x
Beta vs Fastest:     1.01x

[最速] BETA

================================================================================
テスト: バルク挿入 (10,000件)
================================================================================

[Original]  時間: 14.362s,  OPS: 696.30 ops/sec
[Fastest]   時間: 38.14ms,  OPS: 262.16K ops/sec
[Beta]      時間: 37.31ms,  OPS: 268.04K ops/sec

Fastest vs Original: 376.51x
Beta vs Original:    384.96x
Beta vs Fastest:     1.02x

[最速] BETA

================================================================================
テスト: 非同期書き込み (100件)
================================================================================

[Fastest]   時間: 298.28ms,  OPS: 335.26 ops/sec
[Beta]      時間: 1.010s,  OPS: 98.98 ops/sec

Beta vs Fastest: 0.30x
[最速] FASTEST

================================================================================
テスト: 非同期書き込み (1,000件)
================================================================================

[Fastest]   時間: 2.565s,  OPS: 389.88 ops/sec
[Beta]      時間: 1.008s,  OPS: 992.13 ops/sec

Beta vs Fastest: 2.54x
[最速] BETA

================================================================================
テスト: 非同期書き込み (5,000件)
================================================================================

[Fastest]   時間: 13.208s,  OPS: 378.57 ops/sec
[Beta]      時間: 1.008s,  OPS: 4.96K ops/sec

Beta vs Fastest: 13.10x
[最速] BETA

結果をCSVに保存: /home/runner/work/DictSQLite/DictSQLite/others/benchmark/results/benchmark_20251004_100429.csv
結果をJSONに保存: /home/runner/work/DictSQLite/DictSQLite/others/benchmark/results/benchmark_20251004_100429.json