
================================================================================
テスト: 基本書き込み (100件)
================================================================================

[Original]  時間: 129.68ms,  OPS: 771.14 ops/sec
[Fastest]   時間: 7.61ms,  OPS: 13.14K ops/sec
[Beta]      時間: 4.99ms,  OPS: 20.04K ops/sec

Fastest vs Original: 17.03x
Beta vs Original:    25.99x
Beta vs Fastest:     1.53x

[最速] BETA

================================================================================
テスト: 基本書き込み (1,000件)
================================================================================

[Original]  時間: 1.257s,  OPS: 795.77 ops/sec
[Fastest]   時間: 26.53ms,  OPS: 37.69K ops/sec
[Beta]      時間: 9.34ms,  OPS: 107.05K ops/sec

Fastest vs Original: 47.37x
Beta vs Original:    134.52x
Beta vs Fastest:     2.84x

[最速] BETA

================================================================================
テスト: 基本書き込み (5,000件)
================================================================================

[Original]  時間: 6.471s,  OPS: 772.70 ops/sec
[Fastest]   時間: 96.23ms,  OPS: 51.96K ops/sec
[Beta]      時間: 23.78ms,  OPS: 210.27K ops/sec

Fastest vs Original: 67.24x
Beta vs Original:    272.12x
Beta vs Fastest:     4.05x

[最速] BETA

================================================================================
テスト: 基本読み込み (100件)
================================================================================

[Original]  時間: 7.43ms,  OPS: 13.45K ops/sec
[Fastest]   時間: 3.63ms,  OPS: 27.57K ops/sec
[Beta]      時間: 4.50ms,  OPS: 22.22K ops/sec

Fastest vs Original: 2.05x
Beta vs Original:    1.65x
Beta vs Fastest:     0.81x

[最速] FASTEST

================================================================================
テスト: 基本読み込み (1,000件)
================================================================================

[Original]  時間: 78.95ms,  OPS: 12.67K ops/sec
[Fastest]   時間: 17.39ms,  OPS: 57.52K ops/sec
[Beta]      時間: 20.10ms,  OPS: 49.76K ops/sec

Fastest vs Original: 4.54x
Beta vs Original:    3.93x
Beta vs Fastest:     0.87x

[最速] FASTEST

================================================================================
テスト: 基本読み込み (5,000件)
================================================================================

[Original]  時間: 392.36ms,  OPS: 12.74K ops/sec
[Fastest]   時間: 73.43ms,  OPS: 68.09K ops/sec
[Beta]      時間: 89.71ms,  OPS: 55.74K ops/sec

Fastest vs Original: 5.34x
Beta vs Original:    4.37x
Beta vs Fastest:     0.82x

[最速] FASTEST

================================================================================
テスト: バルク挿入 (1,000件)
================================================================================

[Original]  時間: 1.066s,  OPS: 937.74 ops/sec
[Fastest]   時間: 9.06ms,  OPS: 110.35K ops/sec
[Beta]      時間: 7.86ms,  OPS: 127.23K ops/sec

Fastest vs Original: 117.68x
Beta vs Original:    135.68x
Beta vs Fastest:     1.15x

[最速] BETA

================================================================================
テスト: バルク挿入 (5,000件)
================================================================================

[Original]  時間: 6.041s,  OPS: 827.74 ops/sec
[Fastest]   時間: 20.82ms,  OPS: 240.18K ops/sec
[Beta]      時間: 20.93ms,  OPS: 238.89K ops/sec

Fastest vs Original: 290.17x
Beta vs Original:    288.61x
Beta vs Fastest:     0.99x

[最速] FASTEST

================================================================================
テスト: バルク挿入 (10,000件)
================================================================================

[Original]  時間: 12.617s,  OPS: 792.58 ops/sec
[Fastest]   時間: 34.95ms,  OPS: 286.12K ops/sec
[Beta]      時間: 34.69ms,  OPS: 288.29K ops/sec

Fastest vs Original: 361.00x
Beta vs Original:    363.73x
Beta vs Fastest:     1.01x

[最速] BETA

================================================================================
テスト: 非同期書き込み (100件)
================================================================================

[Fastest]   時間: 1.012s,  OPS: 98.82 ops/sec
[Beta]      時間: 1.012s,  OPS: 98.81 ops/sec

Beta vs Fastest: 1.00x
[最速] FASTEST

================================================================================
テスト: 非同期書き込み (1,000件)
================================================================================

[Fastest]   時間: 1.011s,  OPS: 988.72 ops/sec
[Beta]      時間: 1.010s,  OPS: 989.89 ops/sec

Beta vs Fastest: 1.00x
[最速] BETA

================================================================================
テスト: 非同期書き込み (5,000件)
================================================================================

[Fastest]   時間: 1.014s,  OPS: 4.93K ops/sec
[Beta]      時間: 1.013s,  OPS: 4.93K ops/sec

Beta vs Fastest: 1.00x
[最速] BETA

結果をCSVに保存: /home/runner/work/DictSQLite/DictSQLite/others/benchmark/results/benchmark_20251004_121317.csv
結果をJSONに保存: /home/runner/work/DictSQLite/DictSQLite/others/benchmark/results/benchmark_20251004_121317.json