
================================================================================
テスト: 基本書き込み (100件)
================================================================================

[Original]  時間: 87.11ms,  OPS: 1.15K ops/sec
[Fastest]   時間: 6.50ms,  OPS: 15.40K ops/sec
[Beta]      時間: 4.77ms,  OPS: 20.95K ops/sec

Fastest vs Original: 13.41x
Beta vs Original:    18.25x
Beta vs Fastest:     1.36x

[最速] BETA

================================================================================
テスト: 基本書き込み (1,000件)
================================================================================

[Original]  時間: 768.75ms,  OPS: 1.30K ops/sec
[Fastest]   時間: 22.91ms,  OPS: 43.64K ops/sec
[Beta]      時間: 7.48ms,  OPS: 133.65K ops/sec

Fastest vs Original: 33.55x
Beta vs Original:    102.74x
Beta vs Fastest:     3.06x

[最速] BETA

================================================================================
テスト: 基本書き込み (5,000件)
================================================================================

[Original]  時間: 3.598s,  OPS: 1.39K ops/sec
[Fastest]   時間: 92.60ms,  OPS: 53.99K ops/sec
[Beta]      時間: 24.23ms,  OPS: 206.36K ops/sec

Fastest vs Original: 38.85x
Beta vs Original:    148.49x
Beta vs Fastest:     3.82x

[最速] BETA

================================================================================
テスト: 基本読み込み (100件)
================================================================================

[Original]  時間: 6.98ms,  OPS: 14.32K ops/sec
[Fastest]   時間: 3.15ms,  OPS: 31.78K ops/sec
[Beta]      時間: 3.62ms,  OPS: 27.60K ops/sec

Fastest vs Original: 2.22x
Beta vs Original:    1.93x
Beta vs Fastest:     0.87x

[最速] FASTEST

================================================================================
テスト: 基本読み込み (1,000件)
================================================================================

[Original]  時間: 72.11ms,  OPS: 13.87K ops/sec
[Fastest]   時間: 15.04ms,  OPS: 66.47K ops/sec
[Beta]      時間: 19.57ms,  OPS: 51.10K ops/sec

Fastest vs Original: 4.79x
Beta vs Original:    3.68x
Beta vs Fastest:     0.77x

[最速] FASTEST

================================================================================
テスト: 基本読み込み (5,000件)
================================================================================

[Original]  時間: 404.86ms,  OPS: 12.35K ops/sec
[Fastest]   時間: 66.93ms,  OPS: 74.71K ops/sec
[Beta]      時間: 90.57ms,  OPS: 55.21K ops/sec

Fastest vs Original: 6.05x
Beta vs Original:    4.47x
Beta vs Fastest:     0.74x

[最速] FASTEST

================================================================================
テスト: バルク挿入 (1,000件)
================================================================================

[Original]  時間: 687.43ms,  OPS: 1.45K ops/sec
[Fastest]   時間: 6.26ms,  OPS: 159.64K ops/sec
[Beta]      時間: 5.98ms,  OPS: 167.31K ops/sec

Fastest vs Original: 109.74x
Beta vs Original:    115.01x
Beta vs Fastest:     1.05x

[最速] BETA

================================================================================
テスト: バルク挿入 (5,000件)
================================================================================

[Original]  時間: 3.499s,  OPS: 1.43K ops/sec
[Fastest]   時間: 19.49ms,  OPS: 256.53K ops/sec
[Beta]      時間: 18.63ms,  OPS: 268.35K ops/sec

Fastest vs Original: 179.54x
Beta vs Original:    187.81x
Beta vs Fastest:     1.05x

[最速] BETA

================================================================================
テスト: バルク挿入 (10,000件)
================================================================================

[Original]  時間: 6.842s,  OPS: 1.46K ops/sec
[Fastest]   時間: 33.19ms,  OPS: 301.31K ops/sec
[Beta]      時間: 34.34ms,  OPS: 291.17K ops/sec

Fastest vs Original: 206.17x
Beta vs Original:    199.23x
Beta vs Fastest:     0.97x

[最速] FASTEST

================================================================================
テスト: 非同期書き込み (100件)
================================================================================

[Fastest]   エラー: aiosqlite is required for AsyncDictSQLiteFastest. Install with: pip install aiosqlite
[Beta]      時間: 20.035s,  OPS: 4.99 ops/sec

================================================================================
テスト: 非同期書き込み (1,000件)
================================================================================

[Fastest]   エラー: aiosqlite is required for AsyncDictSQLiteFastest. Install with: pip install aiosqlite
[Beta]      時間: 20.105s,  OPS: 49.74 ops/sec

================================================================================
テスト: 非同期書き込み (5,000件)
================================================================================

[Fastest]   エラー: aiosqlite is required for AsyncDictSQLiteFastest. Install with: pip install aiosqlite
[Beta]      時間: 20.476s,  OPS: 244.19 ops/sec

結果をCSVに保存: /home/runner/work/DictSQLite/DictSQLite/others/benchmark/results/benchmark_20251005_124629.csv
結果をJSONに保存: /home/runner/work/DictSQLite/DictSQLite/others/benchmark/results/benchmark_20251005_124629.json