
================================================================================
テスト: 基本書き込み (1000件)
操作数: 1,000
================================================================================

[DictSQLite オリジナル版]
  平均時間: 1.157s
  スループット: 864.44 ops/sec

[DictSQLite-Fastest APSW版]
  エラー (試行 1): no such table: main
  エラー (試行 2): no such table: main
  エラー (試行 3): no such table: main
  失敗: no such table: main

[DictSQLite-Fastest Beta版]
  平均時間: 7.04ms
  スループット: 141.96K ops/sec

[比較結果]
  Beta vs Original: 164.22x 高速

  [最速] BETA

================================================================================
テスト: 基本書き込み (5000件)
操作数: 5,000
================================================================================

[DictSQLite オリジナル版]
  平均時間: 5.380s
  スループット: 929.43 ops/sec

[DictSQLite-Fastest APSW版]
  エラー (試行 1): no such table: main
  エラー (試行 2): no such table: main
  エラー (試行 3): no such table: main
  失敗: no such table: main

[DictSQLite-Fastest Beta版]
  平均時間: 16.66ms
  スループット: 300.16K ops/sec

[比較結果]
  Beta vs Original: 322.95x 高速

  [最速] BETA

================================================================================
テスト: 基本読み込み (1000件)
操作数: 1,000
================================================================================

[DictSQLite オリジナル版]
  平均時間: 74.72ms
  スループット: 13.38K ops/sec

[DictSQLite-Fastest APSW版]
  平均時間: 15.95ms
  スループット: 62.71K ops/sec

[DictSQLite-Fastest Beta版]
  平均時間: 22.14ms
  スループット: 45.17K ops/sec

[比較結果]
  Fastest vs Original: 4.69x 高速
  Beta vs Original: 3.37x 高速
  Beta vs Fastest: 0.72x 高速

  [最速] FASTEST

================================================================================
テスト: 基本読み込み (5000件)
操作数: 5,000
================================================================================

[DictSQLite オリジナル版]
  平均時間: 386.59ms
  スループット: 12.93K ops/sec

[DictSQLite-Fastest APSW版]
  平均時間: 71.92ms
  スループット: 69.52K ops/sec

[DictSQLite-Fastest Beta版]
  平均時間: 97.18ms
  スループット: 51.45K ops/sec

[比較結果]
  Fastest vs Original: 5.37x 高速
  Beta vs Original: 3.98x 高速
  Beta vs Fastest: 0.74x 高速

  [最速] FASTEST

================================================================================
テスト: バルク挿入 (1000件)
操作数: 1,000
================================================================================

[DictSQLite オリジナル版]
  平均時間: 1.107s
  スループット: 903.69 ops/sec

[DictSQLite-Fastest APSW版]
  エラー (試行 1): no such table: main
  エラー (試行 2): no such table: main
  エラー (試行 3): no such table: main
  失敗: no such table: main

[DictSQLite-Fastest Beta版]
  エラー (試行 1): no such table: main
  エラー (試行 2): no such table: main
  エラー (試行 3): no such table: main
  失敗: no such table: main

[比較結果]

  [最速] ORIGINAL

================================================================================
テスト: バルク挿入 (5000件)
操作数: 5,000
================================================================================

[DictSQLite オリジナル版]
  平均時間: 5.686s
  スループット: 879.34 ops/sec

[DictSQLite-Fastest APSW版]
  エラー (試行 1): no such table: main
  エラー (試行 2): no such table: main
  エラー (試行 3): no such table: main
  失敗: no such table: main

[DictSQLite-Fastest Beta版]
  エラー (試行 1): no such table: main
  エラー (試行 2): no such table: main
  エラー (試行 3): no such table: main
  失敗: no such table: main

[比較結果]

  [最速] ORIGINAL

================================================================================
テスト: バルク挿入 (10000件)
操作数: 10,000
================================================================================

[DictSQLite オリジナル版]
  平均時間: 11.138s
  スループット: 897.85 ops/sec

[DictSQLite-Fastest APSW版]
  エラー (試行 1): no such table: main
  エラー (試行 2): no such table: main
  エラー (試行 3): no such table: main
  失敗: no such table: main

[DictSQLite-Fastest Beta版]
  エラー (試行 1): no such table: main
  エラー (試行 2): no such table: main
  エラー (試行 3): no such table: main
  失敗: no such table: main

[比較結果]

  [最速] ORIGINAL

================================================================================
テスト: バルク読み込み (1000件)
操作数: 1,000
================================================================================

[DictSQLite オリジナル版]
  平均時間: 74.86ms
  スループット: 13.36K ops/sec

[DictSQLite-Fastest APSW版]
  平均時間: 4.84ms
  スループット: 206.81K ops/sec

[DictSQLite-Fastest Beta版]
  平均時間: 6.63ms
  スループット: 150.79K ops/sec

[比較結果]
  Fastest vs Original: 15.48x 高速
  Beta vs Original: 11.29x 高速
  Beta vs Fastest: 0.73x 高速

  [最速] FASTEST

================================================================================
テスト: バルク読み込み (5000件)
操作数: 5,000
================================================================================

[DictSQLite オリジナル版]
  平均時間: 402.70ms
  スループット: 12.42K ops/sec

[DictSQLite-Fastest APSW版]
  平均時間: 16.88ms
  スループット: 296.12K ops/sec

[DictSQLite-Fastest Beta版]
  平均時間: 24.69ms
  スループット: 202.52K ops/sec

[比較結果]
  Fastest vs Original: 23.85x 高速
  Beta vs Original: 16.31x 高速
  Beta vs Fastest: 0.68x 高速

  [最速] FASTEST

================================================================================
テスト: バルク読み込み (10000件)
操作数: 10,000
================================================================================

[DictSQLite オリジナル版]
  平均時間: 844.09ms
  スループット: 11.85K ops/sec

[DictSQLite-Fastest APSW版]
  平均時間: 25.31ms
  スループット: 395.08K ops/sec

[DictSQLite-Fastest Beta版]
  平均時間: 41.33ms
  スループット: 241.97K ops/sec

[比較結果]
  Fastest vs Original: 33.35x 高速
  Beta vs Original: 20.42x 高速
  Beta vs Fastest: 0.61x 高速

  [最速] FASTEST

================================================================================
テスト: 複雑データ構造 (100件)
操作数: 100
================================================================================

[DictSQLite オリジナル版]
  平均時間: 127.16ms
  スループット: 786.39 ops/sec

[DictSQLite-Fastest APSW版]
  エラー (試行 1): no such table: main
  エラー (試行 2): no such table: main
  エラー (試行 3): no such table: main
  失敗: no such table: main

[DictSQLite-Fastest Beta版]
  エラー (試行 1): no such table: main
  エラー (試行 2): no such table: main
  エラー (試行 3): no such table: main
  失敗: no such table: main

[比較結果]

  [最速] ORIGINAL

================================================================================
テスト: 複雑データ構造 (500件)
操作数: 500
================================================================================

[DictSQLite オリジナル版]
  平均時間: 632.43ms
  スループット: 790.60 ops/sec

[DictSQLite-Fastest APSW版]
  エラー (試行 1): no such table: main
  エラー (試行 2): no such table: main
  エラー (試行 3): no such table: main
  失敗: no such table: main

[DictSQLite-Fastest Beta版]
  エラー (試行 1): no such table: main
  エラー (試行 2): no such table: main
  エラー (試行 3): no such table: main
  失敗: no such table: main

[比較結果]

  [最速] ORIGINAL

================================================================================
テスト: 複雑データ構造 (1000件)
操作数: 1,000
================================================================================

[DictSQLite オリジナル版]
  平均時間: 1.270s
  スループット: 787.13 ops/sec

[DictSQLite-Fastest APSW版]
  エラー (試行 1): no such table: main
  エラー (試行 2): no such table: main
  エラー (試行 3): no such table: main
  失敗: no such table: main

[DictSQLite-Fastest Beta版]
  エラー (試行 1): no such table: main
  エラー (試行 2): no such table: main
  エラー (試行 3): no such table: main
  失敗: no such table: main

[比較結果]

  [最速] ORIGINAL

================================================================================
テスト: 更新操作 (1000件)
操作数: 1,000
================================================================================

[DictSQLite オリジナル版]
  平均時間: 2.302s
  スループット: 434.46 ops/sec

[DictSQLite-Fastest APSW版]
  エラー (試行 1): no such table: main
  エラー (試行 2): no such table: main
  エラー (試行 3): no such table: main
  失敗: no such table: main

[DictSQLite-Fastest Beta版]
  エラー (試行 1): no such table: main
  エラー (試行 2): no such table: main
  エラー (試行 3): no such table: main
  失敗: no such table: main

[比較結果]

  [最速] ORIGINAL

================================================================================
テスト: 更新操作 (5000件)
操作数: 5,000
================================================================================

[DictSQLite オリジナル版]
  平均時間: 11.078s
  スループット: 451.33 ops/sec

[DictSQLite-Fastest APSW版]
  エラー (試行 1): no such table: main
  エラー (試行 2): no such table: main
  エラー (試行 3): no such table: main
  失敗: no such table: main

[DictSQLite-Fastest Beta版]
  エラー (試行 1): no such table: main
  エラー (試行 2): no such table: main
  エラー (試行 3): no such table: main
  失敗: no such table: main

[比較結果]

  [最速] ORIGINAL

================================================================================
テスト: 削除操作 (1000件)
操作数: 1,000
================================================================================

[DictSQLite オリジナル版]
  平均時間: 2.246s
  スループット: 445.31 ops/sec

[DictSQLite-Fastest APSW版]
  エラー (試行 1): no such table: main
  エラー (試行 2): no such table: main
  エラー (試行 3): no such table: main
  失敗: no such table: main

[DictSQLite-Fastest Beta版]
  エラー (試行 1): no such table: main
  エラー (試行 2): no such table: main
  エラー (試行 3): no such table: main
  失敗: no such table: main

[比較結果]

  [最速] ORIGINAL

================================================================================
テスト: 削除操作 (5000件)
操作数: 5,000
================================================================================

[DictSQLite オリジナル版]
  平均時間: 10.932s
  スループット: 457.36 ops/sec

[DictSQLite-Fastest APSW版]
  エラー (試行 1): no such table: main
  エラー (試行 2): no such table: main
  エラー (試行 3): no such table: main
  失敗: no such table: main

[DictSQLite-Fastest Beta版]
  エラー (試行 1): no such table: main
  エラー (試行 2): no such table: main
  エラー (試行 3): no such table: main
  失敗: no such table: main

[比較結果]

  [最速] ORIGINAL

================================================================================
テスト: 混合操作 (1000件)
操作数: 1,000
================================================================================

[DictSQLite オリジナル版]
  エラー (試行 1): 'DictSQLite' object has no attribute 'get'
  エラー (試行 2): 'DictSQLite' object has no attribute 'get'
  エラー (試行 3): 'DictSQLite' object has no attribute 'get'
  失敗: 'DictSQLite' object has no attribute 'get'

[DictSQLite-Fastest APSW版]
  エラー (試行 1): no such table: main
  エラー (試行 2): no such table: main
  エラー (試行 3): no such table: main
  失敗: no such table: main

[DictSQLite-Fastest Beta版]
  平均時間: 8.29ms
  スループット: 120.68K ops/sec

[比較結果]

  [最速] BETA

================================================================================
テスト: 混合操作 (5000件)
操作数: 5,000
================================================================================

[DictSQLite オリジナル版]
  エラー (試行 1): 'DictSQLite' object has no attribute 'get'
  エラー (試行 2): 'DictSQLite' object has no attribute 'get'
  エラー (試行 3): 'DictSQLite' object has no attribute 'get'
  失敗: 'DictSQLite' object has no attribute 'get'

[DictSQLite-Fastest APSW版]
  エラー (試行 1): no such table: main
  エラー (試行 2): no such table: main
  エラー (試行 3): no such table: main
  失敗: no such table: main

[DictSQLite-Fastest Beta版]
  平均時間: 24.73ms
  スループット: 202.21K ops/sec

[比較結果]

  [最速] BETA

================================================================================
非同期テスト: 非同期書き込み (1000件)
操作数: 1,000
================================================================================

[AsyncDictSQLiteFastest]
  エラー (試行 1): no such table: main
  エラー (試行 2): no such table: main
  エラー (試行 3): no such table: main
  失敗: no such table: main

[AsyncDictSQLiteFastestBeta]
  平均時間: 30.144s
  スループット: 33.17 ops/sec

[比較結果]

================================================================================
非同期テスト: 非同期書き込み (5000件)
操作数: 5,000
================================================================================

[AsyncDictSQLiteFastest]
  エラー (試行 1): no such table: main
  エラー (試行 2): no such table: main
  エラー (試行 3): no such table: main
  失敗: no such table: main

[AsyncDictSQLiteFastestBeta]
  平均時間: 30.535s
  スループット: 163.75 ops/sec

[比較結果]

================================================================================
非同期テスト: 非同期バルク挿入 (1000件)
操作数: 1,000
================================================================================

[AsyncDictSQLiteFastest]
  エラー (試行 1): no such table: main
  エラー (試行 2): no such table: main
  エラー (試行 3): no such table: main
  失敗: no such table: main

[AsyncDictSQLiteFastestBeta]
  エラー (試行 1): database is locked
  エラー (試行 2): database is locked
  エラー (試行 3): database is locked
  失敗: database is locked

[比較結果]

================================================================================
非同期テスト: 非同期バルク挿入 (5000件)
操作数: 5,000
================================================================================

[AsyncDictSQLiteFastest]
  エラー (試行 1): no such table: main
  エラー (試行 2): no such table: main
  エラー (試行 3): no such table: main
  失敗: no such table: main

[AsyncDictSQLiteFastestBeta]
  エラー (試行 1): database is locked
  エラー (試行 2): database is locked
  エラー (試行 3): database is locked
  失敗: database is locked

[比較結果]

================================================================================
非同期テスト: 非同期バルク挿入 (10000件)
操作数: 10,000
================================================================================

[AsyncDictSQLiteFastest]
  エラー (試行 1): no such table: main
  エラー (試行 2): no such table: main
  エラー (試行 3): no such table: main
  失敗: no such table: main

[AsyncDictSQLiteFastestBeta]
  エラー (試行 1): database is locked
  エラー (試行 2): database is locked
  エラー (試行 3): database is locked
  失敗: database is locked

[比較結果]

================================================================================
非同期テスト: 非同期並行操作 (500件, 並行度10)
操作数: 500
================================================================================

[AsyncDictSQLiteFastest]
  エラー (試行 1): database is locked
  エラー (試行 2): no such table: main
  エラー (試行 3): no such table: main
  失敗: database is locked

[AsyncDictSQLiteFastestBeta]
  平均時間: 30.069s
  スループット: 16.63 ops/sec

[比較結果]

================================================================================
非同期テスト: 非同期並行操作 (1000件, 並行度20)
操作数: 1,000
================================================================================

[AsyncDictSQLiteFastest]
  エラー (試行 1): no such table: main
  エラー (試行 2): database is locked
  エラー (試行 3): database is locked
  失敗: no such table: main

[AsyncDictSQLiteFastestBeta]
  平均時間: 30.101s
  スループット: 33.22 ops/sec

[比較結果]

================================================================================
非同期テスト: 非同期並行操作 (2000件, 並行度50)
操作数: 2,000
================================================================================

[AsyncDictSQLiteFastest]
  エラー (試行 1): database is locked
  エラー (試行 2): database is locked
  エラー (試行 3): disk I/O error
  失敗: database is locked

[AsyncDictSQLiteFastestBeta]
  平均時間: 30.166s
  スループット: 66.30 ops/sec

[比較結果]
