
================================================================================
テスト: 基本書き込み (100件)
================================================================================

[Original]  時間: 78.30ms,  OPS: 1.28K ops/sec
[Fastest]   時間: 5.66ms,  OPS: 17.66K ops/sec
[Beta]      時間: 4.03ms,  OPS: 24.79K ops/sec

Fastest vs Original: 13.83x
Beta vs Original:    19.41x
Beta vs Fastest:     1.40x

[最速] BETA

================================================================================
テスト: 基本書き込み (1,000件)
================================================================================

[Original]  時間: 732.09ms,  OPS: 1.37K ops/sec
[Fastest]   時間: 25.50ms,  OPS: 39.22K ops/sec
[Beta]      時間: 6.91ms,  OPS: 144.72K ops/sec

Fastest vs Original: 28.71x
Beta vs Original:    105.95x
Beta vs Fastest:     3.69x

[最速] BETA

================================================================================
テスト: 基本書き込み (5,000件)
================================================================================

[Original]  時間: 3.693s,  OPS: 1.35K ops/sec
[Fastest]   時間: 88.69ms,  OPS: 56.38K ops/sec
[Beta]      時間: 21.50ms,  OPS: 232.51K ops/sec

Fastest vs Original: 41.64x
Beta vs Original:    171.71x
Beta vs Fastest:     4.12x

[最速] BETA

================================================================================
テスト: 基本読み込み (100件)
================================================================================

[Original]  時間: 7.38ms,  OPS: 13.54K ops/sec
[Fastest]   時間: 3.32ms,  OPS: 30.13K ops/sec
[Beta]      時間: 5.31ms,  OPS: 18.83K ops/sec

Fastest vs Original: 2.23x
Beta vs Original:    1.39x
Beta vs Fastest:     0.63x

[最速] FASTEST

================================================================================
テスト: 基本読み込み (1,000件)
================================================================================

[Original]  時間: 82.26ms,  OPS: 12.16K ops/sec
[Fastest]   時間: 16.23ms,  OPS: 61.60K ops/sec
[Beta]      時間: 36.85ms,  OPS: 27.14K ops/sec

Fastest vs Original: 5.07x
Beta vs Original:    2.23x
Beta vs Fastest:     0.44x

[最速] FASTEST

================================================================================
テスト: 基本読み込み (5,000件)
================================================================================

[Original]  時間: 397.29ms,  OPS: 12.59K ops/sec
[Fastest]   時間: 72.15ms,  OPS: 69.30K ops/sec
[Beta]      時間: 171.51ms,  OPS: 29.15K ops/sec

Fastest vs Original: 5.51x
Beta vs Original:    2.32x
Beta vs Fastest:     0.42x

[最速] FASTEST

================================================================================
テスト: バルク挿入 (1,000件)
================================================================================

[Original]  時間: 971.03ms,  OPS: 1.03K ops/sec
[Fastest]   時間: 8.87ms,  OPS: 112.68K ops/sec
[Beta]      時間: 6.50ms,  OPS: 153.92K ops/sec

Fastest vs Original: 109.42x
Beta vs Original:    149.46x
Beta vs Fastest:     1.37x

[最速] BETA

================================================================================
テスト: バルク挿入 (5,000件)
================================================================================

[Original]  時間: 3.706s,  OPS: 1.35K ops/sec
[Fastest]   時間: 17.74ms,  OPS: 281.92K ops/sec
[Beta]      時間: 17.92ms,  OPS: 278.99K ops/sec

Fastest vs Original: 208.97x
Beta vs Original:    206.80x
Beta vs Fastest:     0.99x

[最速] FASTEST

================================================================================
テスト: バルク挿入 (10,000件)
================================================================================

[Original]  時間: 7.120s,  OPS: 1.40K ops/sec
[Fastest]   時間: 32.36ms,  OPS: 309.02K ops/sec
[Beta]      時間: 31.84ms,  OPS: 314.07K ops/sec

Fastest vs Original: 220.02x
Beta vs Original:    223.62x
Beta vs Fastest:     1.02x

[最速] BETA

================================================================================
テスト: 非同期書き込み (100件)
================================================================================

[Fastest]   時間: 1.010s,  OPS: 99.05 ops/sec
[Beta]      時間: 1.010s,  OPS: 99.05 ops/sec

Beta vs Fastest: 1.00x
[最速] BETA

================================================================================
テスト: 非同期書き込み (1,000件)
================================================================================

[Fastest]   時間: 1.010s,  OPS: 990.46 ops/sec
[Beta]      時間: 1.010s,  OPS: 990.39 ops/sec

Beta vs Fastest: 1.00x
[最速] FASTEST

================================================================================
テスト: 非同期書き込み (5,000件)
================================================================================

[Fastest]   時間: 1.013s,  OPS: 4.94K ops/sec
[Beta]      時間: 1.011s,  OPS: 4.95K ops/sec

Beta vs Fastest: 1.00x
[最速] BETA

結果をCSVに保存: /home/runner/work/DictSQLite/DictSQLite/others/benchmark/results/benchmark_20251006_043007.csv
結果をJSONに保存: /home/runner/work/DictSQLite/DictSQLite/others/benchmark/results/benchmark_20251006_043007.json